corpus-sha256 a4ff16c736ecd880185f815a8980286a6686838e6796fece54bc36970adc7979
commands 47390
AAAAAAAAAAAAAAAAAAAAAAAACAAACAACAAAAAAAAAACCAAAAAAAAAAAAAAAAAAAAAAAAAAAAAACAAAAAAAAACCCAACCCCCCACAAC
CCCCCCAACCCAAAAACCCACCAAAAAAAAAAAAACAAAAAAAAACCCAACCCCCCACAACCCCCCCAACCCAAAAACCCACCAAAAAAAAAAAAACAAA
AAAAAACCCAACCCCCCACAACCCCCCCAACCCAAAAACCCACCAAAAAAAAAAAAAAAAAAAAAAAACAAACAACAAAAAAACCCCCAAAAAAAAAAAA
AAAAAAAAAAAAAAAAAACAAAAAAAAACCCAACCCCCCACACCCCCCCAACCAAAAAAACCCACCAAAAAAAAAAAAACAAAAAAAAACCCAACCCCCA
ACACCCCCCCAACCAAAAAAACCCACCAAAAAAAAAAAAACAAAAAAAAACCCAACCCCCAACACCCCCCCAACCAAAAAAACCCACCAAAAAAAAAAAA
ACAAAAAAAAACCCAACAACAAAAAAAAAACCAACCAAAAAAACCAAAAAAAAAAAAAAAAACAAAAAAAAACCCAACCCCCAACACCCCCCCAACCAAA
AAAACCCAACAAAAAAAAAAAAACAAAAAAAAACCCAACCCCCCACACCCCCCCAACCAAAAAAACCCACCAAAAAAAAAAAAACAAAAAAAAACCCAAC
AACCCACACCCCCCCAACCAAAAAAACCAACCCAAAAAAAAAACACAAAAAAAACCCCCCCAAAAAAAAAAAAAAAAACCAAAAAAACCAAAAAAAAAAA
AAAAAACAAAAAAAAACCCAACAACAAAAAAAAAACCAACCAAAAAAACCAAAAAAAAAAAAAAAAACAAAAAAAAACCCAACAAAAAAAAAAAAAAAAA
CCAAAAAAACCAAAAAACCCCCCCCCCCCCCCCCCAAACCCAACCCCAAACACCCCACCAACCAAAAAAACCAACCAAAAAAAAAAAAACAAAAAAAAAC
CCAACCCCCAACACCCCCCCCACCCCAAAAACCCACCAAAAAAAAAAAAACAAAAAAAAACCCAACCCCCAACAACCCCCCAACCAAAAAAACCAACCAA
AAAAAAAAAAACAAAAAAAAACCCAACAAAAAAAAAAAAAAAAACCAAAAAAACCAAAAAAAAAAAAAAAAAAAAAAAAAAAACAAACCCCCCACAACCC
CCCCACCCCCAAAACCCAACAAAAAAAAAAAAAAAAAAAAAAAACAAACACDCCAAAAAACDDDCAACCCCAAAACCAAACAAAAAAAAAAAAAAAAAAA
AAAAACAAACAACAAAAAAAAAACCCACCCCCAAAACCAAAACCCCCCCCCCCCCCCCCCCCCCCCCCCCCCCCCCCCCCCCCCCCCCCCCCCCCCCCCC
CCCCCCCCCCCCCCCCCCCCCCCCCCCCCCCCCCCCCCCCCCCCCCCCCCCCCCCCCCCCCCCCCCCCCCCCCCCCCCCCCCCCCCCCCCCCCCCCACCC
CCCCCCCCCCCCCCCCCCCCCCCCCACCCCCCCCCCCCCCCCCCCCCCCCCCCCCCCCCCCCCCCCCCCCCCCCCCCCCCCCCCCCACCCCCCCCCCCCC
CCCCCCCCCCCCCCCCCCCCCCCCCCCCCCCCCCCCCCCCCCCCCCCACCCCCCCCCCCCCCCCCCCCCCCCCCCCCCCCCCCCCCCCCCCCCCCCCCCC
CCCCCCCCAAAAAAAAAAAAAAAAAAAAAAAACAAACAACAAAAAAAAAACCAAAAAAAAAAAAAAAAAAAAAAAAAAAAAAAAAAAAAAAAACAAACAA
CAAAAAAAAAACCAAAAAAAAAAAAAAAAAAAAAAAAAAAAAAAAAAAAAAAAACAAACAACAAAAAAAAAACCAAAAAAAAAAAAAAAAAAAAAAAAAA
AAAAAAAAAAAAAAACAAACAACAAAAAAAAAACCAAAAAAAAAAAAAAAAAAAAAAAAAAAAAAAAAAAAAAAAACAAACAACAAAAAAAAAACCAAAA
AAAAAAAAAAAAAAAAAAAAAAAAAAAAAAAAAAAAACAAACAACAAAAAAAAAACCAAAAAAAAAAAAAAAAAAAAAAAAAAAAAAAAAAAAAAAAACA
AACAACAAAAAAAAAACCAAAAAAAAAAAAAAAAAAAAAAAAAAAAAAAAAAAAAAAAACAAACAACAAAAAAAAAACCAAAAAAAAAAAAAAAAAAAAA
AAAAAAAAAAAAAAAAAAAACAAACAACAAAAAAAAAACCAAAAAAAAAAAAAAAAAAAAAAAAAAAAAAAAAAAAAAAAACAAACAACAAAAAAAAAAC
CAAAAAAAAAAAAAAAAAAAAAAAAAAAAAAAAAAAAAAAAACAAACAACAAAAAAAAAACCAAAAAAAAAAAAAAAAAAAAAAAAAAAAAAAAAAAAAA
AAACAAACAACAAAAAAAAAACCAAAAAAAAAAAAAAAAAAAAAAAAAAAAAAAAAAAAAAAAACAAACAACAAAAAAAAAACCAAAAAAAAAAAAAAAA
AAAAAAAAAAAAAAAAAAAAAAAAACAAACAACAAAAAAAAAACCAAAAAAAAAAAAAAAAAAAAAAAAAAAAAAAAAAAAAAAAACAAACAACAAAAAA
AAAACCAAAAAAAAAAAAAAAAACCCCCCCCCCCCCCCCCCCCCCCCCCCCCCCCCCCCCCCCCCCCCCCCCCCCCCCCCCCCCAAAAAAAAAAAAACAA
AAAAAAACCCAACAAAAAAAAAAAAAAACAACCCAAAAACCAAAAAAAAAAAAAAAAACAAAAAAAAACCCAACAAAAAAAAAAAAAAACAACCCAAAAA
CCAAAACCCCCCCCCCCCCCCCCCCCCCCCCCCCCCCCCCCCCCCCCCCCCCCCCCCCCCCCCCCCCCCCCCCCCCCCCCCCCCCCCCCCCCCCCCCCCC
CCCCCCCCCCCCCCCCCCCCCCCCCCCCCCCCCCCCCCCCCCCCCCCCCCCCCCCCCCCCCCCCCCCCCCCCCCCCCCCCCCCCCCCCCAAAAAAAAAAA
AAAAAAAAAAAAACAAACAACAAAAAAAAAACCAAAAAAAAAAAAAAAAAAAAAAAAAAAAAAAAAAAAAAAAACAAACAACAAAAAAAAAACCAAAAAA
AAAAAAAAAAAAAAAAAAAAAAAAAAAAAAAAAAACAAACAACAAAAAAAAAACCAAAAAAAAAAAAAAAAAAAAAAAAAAAAAAAAAAAAAAAAACAAA
CAACAAAAAAAAAACCAAAAAAAAAAAAAAAAAAAAAAAAAAAAAAAAAAAAAAAAACAAACAACAAAAAAAAAACCAAAAAAAAAAAAAAAAACCCCCC
CCCCCCCCCCCCCCCCCCCCCCCCCCCCCCCCCCCCCCCCCCCCCCCCCCCCCCCCCCCCCCCCCCCCCCCCCCCCCCCCCCCCCCCCCCCCCCCCCCCC
CCCCCCCCCCCCCCCCAAAAAAAAAAAAAAAAAAAAAAAACAAACAACAAAAAAAAAACCAAAAAAAAAAAAAAAAAAAAAAAAAAAAAAAAAAAAAAAA
ACAAACAACAAAAAAAAAACCAAAAAAAAAAAAAAAAAAAAAAAAAAAAAAAAAAAAAAAAACAAACAACAAAAAAAAAACCAAAAAAAAAAAAAAAAAA
AAAAAAAAAAAAAAAAAAAAAAACAAACAACAAAAAAAAAACCAAAAAAAAAAAAAAAAAAAAAAAAAAAAAAAAAAAAAAAACAACACCACCAAAAACC
AAAAAAAAAAAAAAAAAAAAAAAAAAAAAAAAAAAAAAAAAAAAAAAAAAAAAAAAAAAAAAAAAAAAAAAAAAAAAAAACCCCCCCCCCCCCCCCCCCC
CCCCCCCCCCCCCCCCCCCCAAAAAAAAAAAAAAAAAAAAAAAAAAAAAAAAAAAAAAAAAAAAAAAAAAAAAAAAAAAAAAAAAAAAAAAAAAAAAAAA
AAAAAAAAAAAAAAAAAAAAAAAAAAAAAAAAAAAAAAAAAAAAAAAAAAAAAAAAAAAAAAACAACACCACCAAAAACCAAAAAAAAAAAAAAAAAAAA
AAAAAAAAAAAAAAAAAAAAAAACAACACCACCAAAAACCAAAAAAAAAAAAAAAAAAAAAAAAAAAAAAAAAAAAAACAAAACAACACCACCCAAAACC
AAAAAAAAAAAACAAAAACAAAACAACCAAAAAAACAACAACCCCCCACAACCAACAACAAAACAACACCACCCACAACCCCCCCCCCCCCCCCCCCCCC
CCCCCCCCCCCCCCCCCCCCAAACAAACAAAAACCCCACACCCCCCCCCCCCCCCCCCCCAAACAACAAAAAACAAAACAAAACAAACAAAAAAAAAACA
CCCCCCCCCCCCCCCCCCCCCCCCCCCCCCCCCCCCCCCCAAACAACACCCCCCAAAACCAAACAACACCCCCCAAAACCAAAAAAAAAAAAAAAAAACA
AAAAAAAAAAAAAAAAAACACCCCCCCCCCCCCCCCCCCCCCCCCCCCCCCCCCCCCCCCAAAAAAAAAAAAAAAAAAAAAAACAACACCACCAAAAACC
AAAAAAAAAAAAAAAAAAAAAAAAAAAAAAAAAAAAAAAAAAAAAAAAAAAAAAAAAAAAAAAAAAAAAAAAAAAAAAAACCCCCCCCCCCCCCCCCCCC
CCCCCCCCCCCCCCCCCCCCAAAAAAAAAAAACAACAAAAAAAAAAAAAAAACAAAAAAAAAAAAAAAAAAAAAAAAAAAAAAAAAAAAAAACAAAAAAA
AAAAAAAAAAAAACACCACAAAAAAAAAAAAAAAAAAAAAAAAAAAAAAAAAAAAAAAAAAAACAACACCACCAAAAACCAAAAAAAAAAAAAAAAAAAA
AAAAAAAAAAAAAAAAAAAAAAACAACACCACCAAAAACCAAAAAAAAAAAACAACAAAAAAACAACACCACCAACAACCAAACAACACCACCCACAACC
AAACAACACCACCAACAACCAAACAACCAAAAAAACAACAACCCCCCACCACCAACAACCAAACAACACCACCCACAACCCCCCCCCCCCCCCCCCCCCC
CCCCCCCCCCCCCCCCCCCCAAACAACACCACCAACAACCAAACAACACCACCAACAACCAAACAACACCACCAACAACCAAACAACACCACCAACAACC
AAACAACACCACCAACAACCAAACAACACCACCAACAACCAAACAACACCACCAACAACCCCCCCCCCCCCCCCCCCCCCAAACAACACCACCAACAACC
AAACAACACCACCAACAACCCCCCCCCCCCCCCCCCCCCCAAACAACACCACCAACAACCACAAAAAAAAAAAAAAAAAAACCCCCCACCCCCCCCAACC
ACCCCCAACCCCCAAAAAACCCCCCCCCCCCCCCCCCCCCACCCCCCACCCCCAACAACCACCCCCCACCCCCCCCAACCCCCCCCCCCCCCCCCCCCCC
CCCCCCCCCCCCCCCCCCCCCCCCCCCCCCCCCCCCCCCCAAACAACACAACCAACAACAACCCCCCAAAAAAAACAACACCCCCCCCCCCCCCCCCCCC
AAACAACAAAAAAAACAACAACAAAAAAAAAAAAAAAAAAACAAAAAAAAAAAAAAAAAACCCCCCCCCCCCCCCCCCCCACAAAAAAAAAAAAAAAAAA
ACAAAAAAAAAAAAAAAAAACCCCCCCCCCCCCCCCCCCCACCCCCCACAACCAACAACAAAAAAAAAAAAAAAAAAAAAAAACAACACCACCCAAAACC
AAAAAAAAAAAACAAAAAAAAAACAACCAAAAAAACAACAACCCCCCACAACCAACAACAAAACAACACCACCCACAACCCCCCCCCCCCCCCCCCCCCC
CCCCCCCCCCCCCCCCCCCCCCCCCCCCCCCCCCCCCCCCCCCCCCCCCCCCCCCCCCCCAAACAACAAAAAACAAAACACCCCCCCCCCCCCCCCCCCC
CCCCCCCCCCCCCCCCCCCCCCCCCCCCCCCCCCCCCCCCAAACAACAAAAAACAAAACACCCCCCCCCCCCCCCCCCCCAAAAAAAAAAAAAAAAAAAA
AAAAAAAAAAAAAAAAAAAACCCCCCCCCCCCCCCCCCCCCCCCCCCCCCCCCCCCCCCCCCCCCCCCCCCCCCCCCCCCCCCCCCCCCCCCCCCCCCCC
CCCCCCCCCCCCCCCCCCCCCCCCCCCCCCCCCCCCCCCCCCCCCCCCCCCCCCCCCCCCCCCCCCCCCCCCCCCCCCCCCCCCCCCCCCCCCCCCCCCC
CCCCCCCCCCCCCCCCCCCCCCCCCCCCCCCCCCCCCCCCCCCCCCCCCCCCCCCCCCCCCCCCCCCCCCCCCCCCCCCCCCCCCCCCCCCCCCCCCCCC
CCCCCCCCCCCCCCCCCCCCCCCCCCCCCCCCCCCCCCCCCCCCCCCCCCCCCCCCCCCCCCCCCCCCCCCCCCCCCCCCCCCCCCCCCCCCCCCCCCCC
CCCCCCCCCCCCCCCCCCCCCCCCCCCCCCCCCCCCCCCCCCCCCCCCCCCCCCCCCCCCCCCCCCCCCCCCCCCCCCCCCCCCCCCCCCCCCCCCCCCC
CCCCCCCCCCCCCCCCCCCCCCCCCCCCCCCCCCCCCCCCCCCCCCCCCCCCCCCCCCCCCCCCCCCCCCCCCCCCCCCCCCCCCCCCCCCCCCCCCCCC
CCCCCCCCCCCCCCCCCCCCCCCCCCCCCCCCCCCCCCCCCCCCCCCCCCCCCCCCCCCCCCCCCCCCCCCCCCCCCCCCCCCCCCCCCCCCCCCCCCCC
CCCCCCCCCCCCCCCCCCCCCCCCCCCCCCCCCCCCCCCCCCCCCCCCCCCCCCCCCCCCCCCCCCCCCCCCCCCCCCCCCCCCCCCCCCCCCCCCCCCC
CCCCCCCCCCCCCCCCCCCCCCCCCCCCCCCCCCCCCCCCCCCCCCCCCCCCCCCCCCCCAAAAAAAAAAAAAAAAAAAAAAACAACACCACCAAAAACC
AAAAAAAAAAAAAAAAAAAAAAAAAAAAAAAAAAAAAAAAAAAAAAAAAAAAAAAAAAAAAAAAAAAAAAAAAAAAAAAACCCCCCCCCCCCCCCCCCCC
CCCCCCCCCCCCCCCCCCCCAAAAAAAAAAAAAAAAAAAAAAAAAAAAAAAAAAAAAAAAAAAAAAAAAAAAAAAAAAAAAAAAAAAAAAAAAAAAAAAA
AAAAAAAAAAAAAAAAAAAAAAAAAAAAAAAAAAAAAAAAAAAAAAAAAAAAAAAAAAAAAAACAACACCACCAAAAACCAAAAAAAAAAAAAAAAAAAA
AAAAAAAAAAAAAAAAAAAAAAACAACACCACCAAAAACCAAAAAAAAAAAAAAAAAAAAAAAAAAAAAAAAAAAAAAAAAAACAACACCACCAAAAACC
AAAAAAAAAAAAAAAAAAAAAAAAAAAAAAAAAAAAAAAAAAAAAAAAAAAAAAAAAAAAAAAAAAAAAAAAAAAAAAAACCCCCCCCCCCCCCCCCCCC
CCCCCCCCCCCCCCCCCCCCAAAAAAAAAAAAAAAAAAAAAAAAAAAAAAAAAAAAAAAAAAAAAAAAAAAAAAAAAAAAAAAAAAAAAAAAAAAAAAAA
AAAAAAAAAAAAAAAAAAAAAAAAAAAAAAAAAAAAAAAAAAAAAAAAAAAAAAAAAAAAAAACAACACCACCAAAAACCAAAAAAAAAAAAAAAAAAAA
AAAAAAAAAAAAAAAAAAAAAAACAACACCACCAAAAACCAAAAAAAAAAAAAAAAAAAAAAAAAAAAAAAAAAAAAAAAAAACAACACCACCAAAAACC
AAAAAAAAAAAAAAAAAAAAAAAAAAAAAAAAAAAAAAAAAAAAAAAAAAAAAAAAAAAAAAAAAAAAAAAAAAAAAAAACCCCCCCCCCCCCCCCCCCC
CCCCCCCCCCCCCCCCCCCCAAAAAAAAAAAAAAAAAAAAAAAAAAAAAAAAAAAAAAAAAAAAAAAAAAAAAAAAAAAAAAAAAAAAAAAAAAAAAAAA
AAAAAAAAAAAAAAAAAAAAAAAAAAAAAAAAAAAAAAAAAAAAAAAAAAAAAAAAAAAAAAACAACACCACCAAAAACCAAAAAAAAAAAAAAAAAAAA
AAAAAAAAAAAAAAAAAAAAAAACAACACCACCAAAAACCAAAAAAAAAAAAAAAAAAAAAAAAAAAAAAAAAAAAAAAAAAACAACACCACCAAAAACC
AAAAAAAAAAAAAAAAAAAAAAAAAAAAAAAAAAAAAAAAAAAAAAAAAAAAAAAAAAAAAAAAAAAAAAAAAAAAAAAACCCCCCCCCCCCCCCCCCCC
CCCCCCCCCCCCCCCCCCCCAAAAAAAAAAAAAAAAAAAAAAAAAAAAAAAAAAAAAAAAAAAAAAAAAAAAAAAAAAAAAAAAAAAAAAAAAAAAAAAA
AAAAAAAAAAAAAAAAAAAAAAAAAAAAAAAAAAAAAAAAAAAAAAAAAAAAAAAAAAAAAAACAACACCACCAAAAACCAAAAAAAAAAAAAAAAAAAA
AAAAAAAAAAAAAAAAAAAAAAACAACACCACCAAAAACCAAAAAAAAAAAAAAAAAAAAAAAAAAAAAAAAAAAAAAAAAAACAACACCACCAAAAACC
AAAAAAAAAAAAAAAAAAAAAAAAAAAAAAAAAAAAAAAAAAAAAAAAAAAAAAAAAAAAAAAAAAAAAAAAAAAAAAAACCCCCCCCCCCCCCCCCCCC
CCCCCCCCCCCCCCCCCCCCAAAAAAAAAAAAAAAAAAAAAAAAAAAAAAAAAAAAAAAAAAAAAAAAAAAAAAAAAAAAAAAAAAAAAAAAAAAAAAAA
AAAAAAAAAAAAAAAAAAAAAAAAAAAAAAAAAAAAAAAAAAAAAAAAAAAAAAAAAAAAAAACAACACCACCAAAAACCAAAAAAAAAAAAAAAAAAAA
AAAAAAAAAAAAAAAAAAAAAAACAACACCACCAAAAACCAAAAAAAAAAAAAAAAAAAACCCCCCCCCCCCCCCCCCCCCCCCCCCCCCCCCCCCCCCC
CCCCCCCCCCCCCCCCCCCCCCCCCCCCCCCCCCCCCCCCCCCCCCCCCCCCCCCCCCCCCCCCCCCCCCCCCCCCCCCCCCCCCCCCCCCCCCCCCCCC
CCCCCCCCCCCCCCCCCCCCCCCCCCCCCCCCCCCCCCCCCCCCCCCCCCCCCCCCCCCCCCCCCCCCCCCCCCCCCCCCCCCCCCCCCCCCCCCCCCCC
CCCCCCCCCCCCCCCCCCCCCCCCCCCCCCCCCCCCCCCCCCCCCCCCCCCCCCCCCCCCCCCCCCCCCCCCCCCCCCCCCCCCCCCCCCCCCCCCCCCC
CCCCCCCCCCCCCCCCCCCCCCCCCCCCCCCCCCCCCCCCCCCCCCCCCCCCCCCCCCCCAAAAAAAAAAAAAAAAAAAAAAACAACACCACCCAAAACC
AAAAAAAAAAAACAAAAAAAAAACAACCAAAAAAACAACAACCCCCCACAACCAACAACAAAACAACACCACCCACAACCCCCCCCCCCCCCCCCCCCCC
CCCCCCCCCCCCCCCCCCCCAAAAAAAAAAAAAAAAAAAAAAAAAAAAAAAAAAAAAAAAAAAAAAAAAAAAAAAAAAAAAAAAAAAAAAAAAAAAAAAA
AAAAAAAAAAAAAAAAAAAACCCCCCCCCCCCCCCCCCCCAAACAACAAAAAACAAAACAAAACAACAAAAAACAAAACAAAAAAAAAAAAAAAAAAAAA
AAAAAAAAAAAAAAAAAAAACCCCCCCCCCCCCCCCCCCCAAAAAAAAAAAAAAAAAAAAAAAAAAAAAAAAAAAAAAAAAAACAACACCACCCAAAACC
AAAAAAAAAAAACAAAAAAAAAACAACCAAAAAAACAACAACCCCCCACAACCAACAACAAAACAACACCACCCACAACCCCCCCCCCCCCCCCCCCCCC
CCCCCCCCCCCCCCCCCCCCAAAAAAAAAAAAAAAAAAAAAAAAAAAAAAAAAAAAAAAAAAAAAAAAAAAAAAAAAAAAAAAAAAAAAAAAAAAAAAAA
AAAAAAAAAAAAAAAAAAAACCCCCCCCCCCCCCCCCCCCAAACAACAAAAAACAAAACAAAACAACAAAAAACAAAACAAAAAAAAAAAAAAAAAAAAA
AAAAAAAAAAAAAAAAAAAACCCCCCCCCCCCCCCCCCCCAAAAAAAAAAAAAAAAAAAAAAAAAAAAAAAAAAAAAAAAAAACAACACCACCAAAAACC
AAAAAAAAAAAAAAAAAAAAAAAAAAAAAAAAAAAAAAAAAAAAAAAAAAAAAAAAAAAAAAAAAAAAAAAAAAAAAAAACCCCCCCCCCCCCCCCCCCC
CCCCCCCCCCCCCCCCCCCCAAAAAAAAAAAAAAAAAAAAAAAAAAAAAAAAAAAAAAAAAAAAAAAAAAAAAAAAAAAAAAAAAAAAAAAAAAAAAAAA
AAAAAAAAAAAAAAAAAAAAAAAAAAAAAAAAAAAAAAAAAAAAAAAAAAAAAAAAAAAAAAACAACACCACCAAAAACCAAAAAAAAAAAAAAAAAAAA
AAAAAAAAAAAAAAAAAAAAAAACAACACCACCAAAAACCAAAAAAAAAAAAAAAAAAAAAAAAAAAAAAAAAAAAAAAAAAACAACACCACCAAAAACC
AAAAAAAAAAAAAAAAAAAAAAAAAAAAAAAAAAAAAAAAAAAAAAAAAAAAAAAAAAAAAAAAAAAAAAAAAAAAAAAACCCCCCCCCCCCCCCCCCCC
CCCCCCCCCCCCCCCCCCCCAAAAAAAAAAAAAAAAAAAAAAAAAAAAAAAAAAAAAAAAAAAAAAAAAAAAAAAAAAAAAAAAAAAAAAAAAAAAAAAA
AAAAAAAAAAAAAAAAAAAAAAAAAAAAAAAAAAAAAAAAAAAAAAAAAAAAAAAAAAAAAAACAACACCACCAAAAACCAAAAAAAAAAAAAAAAAAAA
AAAAAAAAAAAAAAAAAAAAAAACAACACCACCAAAAACCAAAAAAAAAAAAAAAAAAAACCCCCCCCCCCCCCCCCCCCCCCCCCCCCCCCCCCCCCCC
CCCCCCCCCCCCCCCCCCCCCCCCCCCCCCCCCCCCCCCCCCCCCCCCCCCCCCCCCCCCCCCCCCCCCCCCCCCCCCCCCCCCCCCCCCCCCCCCCCCC
CCCCCCCCCCCCCCCCCCCCCCCCCCCCCCCCCCCCCCCCCCCCCCCCCCCCCCCCCCCCCCCCCCCCCCCCCCCCCCCCCCCCCCCCCCCCCCCCCCCC
CCCCCCCCCCCCCCCCCCCCCCCCCCCCCCCCCCCCCCCCCCCCCCCCCCCCCCCCCCCCCCCCCCCCCCCCCCCCCCCCCCCCCCCCCCCCCCCCCCCC
CCCCCCCCCCCCCCCCCCCCCCCCCCCCCCCCCCCCCCCCCCCCCCCCCCCCCCCCCCCCAAAAAAAAAAAAAAAAAAAAAAACAACACCACCAAAAACC
AAAAAAAAAAAAAAAAAAAAAAAAAAAAAAAAAAAAAAAAAAAAAAAAAAAAAAAAAAAAAAAAAAAAAAAAAAAAAAAACCCCCCCCCCCCCCCCCCCC
CCCCCCCCCCCCCCCCCCCCAAAAAAAAAAAAAAAAAAAAAAAAAAAAAAAAAAAAAAAAAAAAAAAAAAAAAAAAAAAAAAAAAAAAAAAAAAAAAAAA
AAAAAAAAAAAAAAAAAAAAAAAAAAAAAAAAAAAAAAAAAAAAAAAAAAAAAAAAAAAAAAACAACACCACCAAAAACCAAAAAAAAAAAAAAAAAAAA
AAAAAAAAAAAAAAAAAAAAAAACAACACCACCAAAAACCAAAAAAAAAAAAAAAAAAAACCCAADCCJCACCCDCCCCCCCCCCCDCCACCCCCCCCCC
CCDCCCCCCCCCCCDADCACCCCACCJCCADCCCACACCDCCCCACDCAACCCCCCCCCCCDDDDJCDCCCCCCCCCCDDAACCCDCCCCCCCJCCCDCC
DCDACCCCCDCCCCCJDDDCCCAACCCCCCAAJCDACCACCACCCACCCCCDCCCDCCCACCACACDDCCCADCCCDADCCACCCCDCDCDCCDACCAAD
CCCCCDCCCCACCDCDCCCCDCCCDACCCCDCCCCCCACDADADCCCCCCCCCCCCCCCDDCCCCACACCCCCDCCCCCDDCCCCCCCDCCCCACCCCCC
CCCACCCCCCCCDCCCDCCCCCDCDACCCACCCCJCCACCCCCCCCCDCDCCCCCCCCCCCACCCACCDCACCACCCCDACCCCCCCCCCCCADCDCCCC
CDCCCCCCAACDCADCCCCCCCCADCCCCCCADDJCCCCCCCCCCCACDCCCACCCCCCCDCCCCCCCCDCCCDDCCCCCACCCCCCCCDCCCCCCCACC
CCCCCCDDCDDCCCCDCDAACCCCCJCCCACDCCACACDCCCCACCCCCDACCCDCACJCCCDCJCACJCCADCDCCCCCCCCCCCCCCACCCCCCCCCC
CCCCCCCDDDCCCCCCCCDCCAJCCCCCCCAACJCCACCCACCCCCCCCCCADCACCDCCCCCCDDCCCCCCCCCCCCCAJDCCCCCCCCCCCCCCCCDA
CCCCCCCCACCCCCCCCCCCCCACCCDCCCDCCCCCCCACDCACCADJCDCDCCCAACCCCCCCCACCCCCCCCCCCCCCCCCCCCCCDCCCCCCCCCCC
CCCDCCCCCCDCCDCADCCCADCADCCJCDCCDDCCCCCCDCCCACCDCCCCCCDDCCCCCDCCCCCCCCCCDCCCACCCCCACCCCACCACCDDCDDCD
DCCACCCCCDCACCCCCCCCCCCCCCCCCCACCCCDCCCDDDCCDCDCCCCACCCDACCDCDCDCDCCJCDCDCCCDCCDCCCADCJCDCCCADCCCDDC
CCCCDCCCCCCAJCCCDCACCCCCCCDCCCCCCCCCCCCCDDCCCCCCCCCCCCCCCDADACCCDCCCCCCCCCCDACCCCCCCCCCADJCCCACCCCAJ
CCDCCCCACCCDDCCCCCCACCCCCCCCCCCCDCCCDJJADCCJCCCCCCCCCCJCCCCACCCCCACCCCCCCDCACCADCCADACCDDCCCCCDCCCCC
CCDCCAJCCDCCCCCDCCCCCDCCCACCCCCCCCDCACCACCCCCCCCCDCCCCDCCACACCCCCCCCCCDCACDCCCCCJCCDCCCCCCCCCCCCCCCC
CCCCCCCCCCDCDCDCCCCCCCCCAACACCCCACDCCJCAAADCCDCCCCDCADCCCCDCCCACCCDCCDCCADCCCCCCCCAACDCCDCCCCACCJCCC
CCCCCDCCCCDCCDCCCCACDCCCCCCCCCCCCDCCCCCCCCACACJCCCCCCACCCCCCCCCCCCCDCCCCDCCCCCCCDADCDDAJCCDACCCDCCCC
CCDCACCCACACCCCCACCDDCCDCCCCCCACCACCCJCCCDJCCCCCCCCDDDCCACCCCCDCCCCCCCCCCAJDCCCCDCCCCDACCCCCCCCCDCCC
CCCDCACCCADCCCCACCCCCCCCCACCCCCCCCDDCCCCCCCCCCCCDCCDCADCCCDDDCCCCCCACCCCCCCDCAAACCCCCCCDCAACCCCJCCCC
CCCCDACCCDCDCCACCCCACACACCCCCCACCCAACCDCCJDCCDCCCCCCCAACCCCDCCCCCDDCDACCACCDCCDCCDCCCDADCCCCAAADCCCC
CCCCCCADCCCCCCACCCCCCCCCCCCCCADCCCCACDDDCCCAACCCCACCCADDCCCCCCCDACCCCDJCCCACCACCCCCDCADCDCCCDCCCCCCC
CCCCCADCCCACCCJACCCCCACCDCCCCCCCDCCCCCCCJCCCCCCCACCCCCDCCCCCACCCDCCDACCCJCDCCCCADCCCACCCDCACCCJCCCCC
CACCCCCACCJCDCCCCCCDJDCCDCAJCCCCCCCCCDCCCCCACACCCCCCCCCDCCACCCCACCACCCCCCCCCCCCCCACCDCCCCCACACCCACCC
CCCDCCACCDCCDJCCCCCDACCCCACACCJCCCCCCCCCCDCCCCCCACAACACCCCDCCCCCCCCCCCCCCJCCCCAACCCCCDCCCDCCACCDCCCC
CCACACDCCCDCJCACCDDCDCJCCCCCCDCCCDCJCACCCCCCCCCDCCCDCADCCCCACCCCCJCCCCCCCCDCCCCCCCACCCCADCJCCCAACCAC
CCCDACCAJCDDDAAACCCCCCCCCCCCCCCDDCCCCDCCCDCCCCCCACCCCCCACCCCDCCCADCCCCCCDCACDACCCCCJCCCCCCCCCDCACCCC
CCACCCAAACDCCDCCCDDDCDCCCAACCDACDCDCCCCCCCJDDCACJCCJCCCACACDCADCCCCCACCCDCCCCCCCCCCCCACCCCDACACCCACC
CDJCDCADCCCCCCACCADCCCCCCCDCCCCCCCCCCCCCDAACCCCCCCCCCCCCCCDCCCCCCCCDCCDCCCCCCACCDCDCCDCCCCCCDCCCCCCC
AACCCCCCCACACACCCCCCADCCCCDACCCCAACCCCCCCCACCCCCCCCCCCCCCCCCCCDCCADCCCCACCCAACDCCDCCCACCCCCCCADJCCCC
CCCCCCCCCCCJCCDCCACAJCCCCCCCACCCCCCCCCCDCDCCCCCAACCCACJCCCCCCACCCADJCCCCACCCCCCDADDCCCCCDCCCCDCJCCCC
CDCCCCDCDACCDCCCCCCCCCAACCCCCCCCCCACCCCCCCCDCCCACCCCCCCCCCCCCCCDCCJDCCCCCCCDACJDCCCCCCCDDCCACJDCCCCC
CCDDCCCDCCCDCDCCCCCCCCCCCCACCCCCCCAADCCDCCCCACCCCCCAAACDCCACACCCCCDCACCDCCCCCCDCCCDDCDCCCJCCCCDCCACC
CCCCCCCCDCAAJCDCACCCCCACCACCCCCCCCACDCCCCCCCACCCCDCDCADACCCCDCDJCCCCCCCCCCCDCCCACCCACCCDCCCCCCCACCCC
CCCCCCCCCACDADCDCCACACCCCCJCCCCCCDDCDCCCCCCCACACCCJCDCCCCCDCCCCAACAACJCJCDCCCDCCCCACACCDAACDCCCCDCAD
CCCDCCCCCDCCDCDCCCACCDACCCCCCCCCCDCCCCCCCCCDCCDCCCCCCCCCCCCCDCCCCCACDCCACCCCDACCCCCACCCACCAACCCCCCDA
CCCACCCCCCCJACCCCCCACCCCCCCCCCCCCAJCCCCDCCCCCCCCCCCCCACCCCAACCDACCCDCADACCCCCCCCCDCDCCDDCCCACDCCCCCA
CCCCADCCJCCCCACCCDCDACACCCCJCCCDCCCCCCCCCCCCDCDCCCADACCCCCCCACCCCCACCCCAACCCCCCJCACCCDCCAADCCCCCCACC
DCCCCDCCCCCCDDCCCCCDCCDCCCDCCCCCCCCCAACCCACCCCCACAACCDCCCCDCCACCCCCACCCCCCCCDDCAADCCCCCCCCCACCCCCCJD
CCCCACACCCDCJCCCDCCCCCCCCCCDCCCCCCCCCCJCACCCCCCCCCCCDCCCCDCCDCCCDCCJCCCCDCCCCCCCCCCCACJCCDCCCCCCCACA
CDCCCCCDACCCCCCACCCCCCCCCCACCCDCCCADCCCDCCAACCCDCCCCCCDCCCCCCDCCDCCCCCCCDACCCCDCCCCCCCCCCAACJCCCCCCC
CCDCCCCDAACCACCCACDCDCACCCAACCCCCJCDCDDCCACDJCACCCCDACCCCDCCCCCCCCCACCCDCCDCDCCACADCCCDCACCCCCCCCCCC
CACCCCCCCCCCDCCCCCCCJCDCCDCJCDACCCCCCCJCCCCCCCCAACDCACCCCDCACDDCCCCDCCCDACCCCCCCDCCDCCCCCCACCCCDCCAC
JCCCCCCCACACCACCCACCCCACCACCCCCACDCCCCACCCACCCCCDCADACCCCCCCCDCCCADDCACCADCCCAACCCCCCCCCCDACCDCCCCDC
CCCCDACCDCCCACCCCCCCDDCCCACCDACCCCCDACJACCCCDCDDCCDDCCCACCDCCADACCCCDCDCCCCCCCCACDCCCCCCCCCCCCCCCCCC
CCCDCCCACCCADCCCCCCCCDCCDCADCACCCCCCCCCCCCCCDCAJCCACDCCDCCCCCCCCCCCCCCCCCCCCCCCCCCCCCCCCCCCCCCCCCCCA
CCCCCCCCCCCCCCCAADDCCCCCDCCCCCCCCACCDCCCCCCCCCACJCCCCCDACCAACCCCCACCCACCCCCCCCCCACCCACCCCCJCCCCDCCJC
DCDCCCCCACCCCCCACCCACCCCCCCCCJCCCCCJCCCCACCCCCCCCCCCCCDCCDCCCCCCDCCACCCCACCCAACCCCCCCDCCCCCCCACCCACC
CCCACCCJCCCCCCCCCCCCCCACCDACCCCCCCCCACACADCCDCJCCCCCCDCCCCACCCCCACCCDCCCCCCCACCCADDCDCACDCCCCDCCCCCC
CADCCCCCCACCCCCCCCCDCADCCCDCAACCCCDDCCCCCCCCACCCDCCCADCCACCCCCACCCCCADCJCCCCDCCCCCADCACCCCCCACACCCCA
CCCCDCCCCCCCCCCCACCCCCACDCCACCCCCCCCCCCACCCDCJCACCCCCCCCCDDCCACACACCCCCACCCACCCCCCCACDJCCCCCCCCCCACC
DCCDCCCCCCCCAACCCAACCCCDCAACACCCCCCDCCCCACACCCDCCCACCACCCDCACACCCCCCCCCCCCCDCCCCCCACCCCACCCCCCACCCCC
CCCCCCCCCCACACAADCCDCCCCCCCCAAAAACCCCACAACCACCACCCCCCCCACDCCCCCDCCCCACCCACCDDCCDCCCCCCADCDCDCCCCCACC
CCJDDCCCCCCCCCACACDCCACCACCADCACCCCACCCCCACCCCCCCACCCCCCDCCDCCACCDCDCCACACCCDCCCCCCCCCCCDCDDCACDCCCC
AACDCCCCCCCCCCACDJCCCCCCCACCDDCCCCCDJCCCCJACCCCCCCCCADCCDACCCCCCDCCCDDCCCCCDCCCCDCACDCCCCCCACCAACJAC
CCCJDCCDCCCDCCCCCCCAADJCCCCCACCCCACJCCCCCACCCCCCCADCCCACCCCCDCCACCCJCCACCCCCCCCACJCCAACCDCCCCCCDCCCD
CCCCCCCCCADDCCCCCCCACCCCACCCCCCCCAACCCAACCACCCACDDCCDCCCDDCCDDACCACDCCCCCCCDCCCACDJCCCCDACACCCCCCACC
CACCCCCCCCCCCCDCDCCACACCACCCCDACCCACCCDCCCCCCCCCCCCCACCCAADCCCCCCCDCCCCCCCCCCCCCCCCCCCCCCCACCDADCCCC
CCCDCCCCDCACDCCCCCACCCACCCACCCCDCCCDCCCCCCCCCCCACCCCCCCCCCCCCCACDCCCCCCCCCCCACACCCDCCCCACCCCCDDCCCCC
DDDCCCDCCCCCADCACDDCCCCCCCCCCCCCCCCDCCACCCCCCDCDCCACCCCCCCCCCCCCCCCCCACCCCCCCCCCCCCCCDCJCCCCCCCCCCCC
ACCCCACCCCCCCAACCDCCCAJCCCCCCCCCCACACCCCCCCCCCCCCCCCCDCDACCCCCACCCACCCCCCCCCCACCCADCCACACCCCACCCCCCC
CCCDCCCCCADCDCCDDCCDCCCDDCCCCCCCCACCCCCCCCCCCCACDCCCCCCCACCCCCCCCCCACCCCCCCDCACCDCCCCCAACCDCCCCCCCCC
CDDDCCCCCCCAACCDCCCCAJCACCCCCDDCCACCACJCCCCCCDDACCCCAACCCCDDCADCCCCCCCACACCCACCCCDCCADCAACCDCCACCCCC
CCCCCCCCCDCCCCCCCCDCDCCCCCCCCDCCCCCCCCJACCCCCCACCCCCCACCCACCCCDCAACCDCCCCCCCACCCCCCACDCCCCCCCCCCCCCC
CCACCCCCDCCCCCCCCCACCCCACCCCCCCAACCCCCCCDDACCCCCCCAACCCAACCCCCDCACDCCCCDACACCCCCACCCCACCCJCCDDCCCADC
CAJCCCDACDACACACADCACCCCJACCDCCCCCCACADCACCDCDACCDCCDCCACCCCCCCCCCACDCCCCCCCCDDCCCCCCCCCDACCCDCCCACC
CCCCACCCCCCCDDCCDCCCCCDCCCCCADCCCCADDCCCCDCCDCCCCCAACCDCCCCCCCCCCCCDJCCCCDCCCAACCCCCCCCCCCDCCDCADCAC
CCDCCJCCCADDCCCCACCCCCCDCCCCACCCCCCCCDACCCCCCCCCDCCACCCCCCCCCCCCCCCCACCCCCCCCCCCCCADCCCADCCCDCCCCCCC
DCCCCCCCACCCCCCCCCACACCCADCCCACCCCCCCDCCCCADACCCCCCCCCCCCJCCCCCCCCACCCCCACCCCCCCCDCCCCCCDADCCCCCCCCA
CCCCAACCCCCCCCCDCACDCCCCCCACACACCCCCCCCCCCACCDCCCCCCCCAACCCCCCCCCDCCCCCCCCCCCCDCCCCCCCCDCDCCACCCACCC
CCDACCCCACCAACCCCCACCCCDCCCDCACCADDCCCCACCCDCCACCCACCCCCCCDCCCCCDCDDCCCCCACCACCCCACCCCCCCCCCCCACCCCC
CACCCCCCCCACCCCCDDCCACCCDCDCCDACJCCCCCCCCCCJCCACACCCCACCCCCCCCACCCCCCCACCJCCDDCCCCCCDCACDCCACCCCCCDD
CDCCCCCDCCDAAACCCCDCCCCCDCCCACDCCCCCCCDJCCACCCCCCDDACCCCCCCCJACCCCACDDJCCCCCCCCACCCCDCCCCCCDCADDDCCC
CCCCCACCCCCCDDCCCCCCCCCCCJCACDCCCDCCCCDCCCCCACCCCCCDACCCCCCCCCCACDCDCDCJCCCCCCCDACCDCCCCCDCCCDCCCCCC
CDACACCACCCCCCCCDCCACACDCDCCDCCCCCCCCACACACCCJCDDCACCDCCCCACCCCCDCCCCCCCDCCCCCADACCCACCDCCCDCADCACCC
CCCCCCCCCCCCCCCACCCACCCCCCCCCCCCCDDCCACCCCCACDCCACCCDCCDCCCCCCCCACCCCCCCCCCCCCACCCDCCCCCCDCCDCDCCCCC
CDCCCCCCCCACCCCCCCCDDCDCCCCCAADCCCCCCCACCDCCCCCCCAACCCDACCDCCCCAJCDCCCDCCCCCDCCDCDCCACCCCCCCCCAJCCCC
CCDCACCDCCJCCCCACDCDCCCCCCDCCDCCCCCCCACCCCCCCCCCCCAJCCACCCDCCCCCCDCCCCCCCCCCDCDCCCDDCCCCCCCDCCCCCCDC
CADACCACCCCCCACCDCCACAACCACJCCCCCCCDCACCCCCCCCACADAJCCACDJCACCCCCCCACCCCCCCCDDCCDCJADCCCACCACCCCCCCA
CCCACCACCCCCDCCCCACJCCCCCCCACCADCCJACCCCCCCCCCCCCDCCCCACCCCCACCJCCACJACCCCCCDCCCCCCCCCACCCAACCCCCCCC
CCADCCCCCCCCCCCCDJCCCCCCCCCCCCCCCCCCCCCCCCCCCACACCCCDCCCCDCCACCCCCAAAACCCDCACCCCACCCCDCCDCACCCCCCDAC
CCCCCDCCCCJAACCACCCCCDCDCCCDCCCCCACDCDCCCACAJCJCCCCCCDCCCCCCCCCDDCCCADCCCCCCDJCCACCCCDCCDCCCCCCDCDCC
CCCCCCAACCCCCCADCCCCCCCCCCCCCCCCCCDCCACCCDCACCCCCCCACCCACDCCCCCADCADCCCCCCCCCACAAJCCCCCCDCCCCJACCCDC
ACCCAACJCCCCADCJCCCCCCCCACCADCCCCCCCCCACDDCCCCCACCCACCDCCADACJCCCCCCCCCCCCCCCDACCJDCCCCCCCJCCCCCCCAC
CDCCCDACCACDCCCDCCCACCDCDCCCCCCAJCCCCCCCCCACCCCACCCCCCDCCCCCCACCCCCACCCCCCCDCCCCCCCCCCCCDCCCACCCCCCD
CCCCCCCCCACCCACCCACCCCCCCCDCCCCCCDDJCCCCDAACCCCACCCCADCACCADCCCCCCCCCACCCDCCCCDCCCCACCCCCCCAADADDCCC
JCCCCCCDCCCCCDCAACCADCCCDCCJCACCACCCCCDCDDCDCCCCDCACCCCCCCCCDCCCCDCCCCCCCCCACACDCCCCCCCCCCCCCAACCCCC
CCCCCCJCCCJCCCJCCCCCCCDCCCACCCCDACACCCCCCCCCAACCADDCCCCACCDCCACCACCDACDACCCCCDCCADCDCDCCCDCCCCJCCCDC
CACCCDCCCCCCCCCCCCDDCACACCCJCCCCCACCCCCCCCCCCDCCCJCADACDCCCCACCCCCCCDCAJCCCCCCCCCCCCCCAACCCCCCDCCACC
CCADCCCCCCCAACACDCCCCCCCCCACCCCDCCCCDCDDCCCCCCCCCCDADCADCDCCCACDCDDACACCDDCCCCCCCCCCCCDCJCADCCCCCCCC
ACCCDDCCCCDCCCCCCCCCACAJCCACCCCCACACCCDCCCCCCCCCDDCCJACDCACACCDCDCACCCCCCCCCCCCCCCCCACCCCCCACACCCCCC
CCCCCCCCDCCCCCCCDCCCCCADCCCCDCCCCDDCCCCCCCDCCCCCJCCCACCCADDCCCACCCCCACCJCCCCCCDCCCCCCCCCCACCAACDCDCJ
DCACDCCCJADCACDCCDCCCCCCACCCCACCCDJCCDACDCCCDDCCCCCCCCCCCCCCDCCDCCAAACCCCDDACCCCCACCCCDCCCCCCDACCCCC
CCACCCCDDCCCACCDDCCCCCCCADCDCADACCDACCCADCCADCCCCCACACCCCCCCACCCDCCCCCCCCCCCDCCAAADJJACCCCDCDCCCCCCC
CDCCACCCCDCCCCCCCCCCCDCCACDCACCCDCCDCDCDCCACACCCCDCCCCCJDDCACCCACCDCACADCJCACCCCACCCCCCCCCCCCCCCCCCC
CCCCCCCCCCCCCCCCCCCCCCDCCCCAACACCCCCCCCACCCCCCCCCCCCCDCCCCCCCCACDCJCCDDCDCCCCCCCCDCCAACCCCCCCCCCCCAC
CCACCCCACCCCDCCCCAACCCCCACCCCCCCJACCCCCCDADDCCCCCDACCDACCCCCCCCCCCDCACCCCDCCACCCADCCCDCCCCCCCCCACJAC
CCCDCCCCDCCACACCJCCCCCCDCCCDCCCDAACCCCDCDACCCDCCCCCCADJCCDCCCCACCCDCACCCACCCCACCCCACACCCCDCCDCCCCCCA
CDCCCDCCCCAADCCCCCCCCCCCCCCCDDDCCCCCCCCDCCCCCCCCCACCCCCCCCCCCCCCACDCCCCACCACCADCCCCCCCCCCCCACCCCCCCC
CCCCCCCCCCCCDCACCCCAAACCCCCCCCACCCCDCACCCCCJCCCCCCCJCDCCCCCCDCCCCCCCCCACCCCAACCCDCCCDCCCDCCCCCJCCCCD
DCCCCACCADACCCCCCDCJDJCCDCCDCCDDCCCCCCCCCCCCCCCDCCCCCCDCCCCCDACDCCDCCCCCCCCCCJCCCCCCCCCDDCCCCACCCACC
CCCCDCCCCCCCACCCADDCCCCDCCCCACACCCCCCCCCCDCCCACCCCACCDCACAACDACJCCDCCACCCACCAJCACCCCDCCCACCCDCCCCCCC
CCDCAACCJACCCCCDCCCJCACCCACDCACCCCCCCDCCCCDCCCCAJCJACCCCDCCCCCCCCDCCDCACCCCCCCCCAACCJCCCCCACCCCCCCAD
CDCCCDCCCACCDCACCCCACCACCCCCCCDDCADCDCCDCDDCCCDCCCCDCDACCCCCCCCCCCCCCCCCDCCDCDCCACCCCCCCCCCDADCCACCJ
CDCCCCCCCCCCCJCCACCACACCCDCCADCCCDAAACCCACCDACCCDCCDDCCCACCACDCCCACCCCCCCJCCCDCADACDCCCCCACACCACJCCC
CCDCDCCCDCDCCCCCCAACCDDDAADCDCCACCCADDACDCCCCCCCCACCCCCCCCCCCCCCCDCDCCCDCACCCACCDCCCACCCACCCCCCCCADC
CCCCCCDADCCCACCCCCAACCCDCCCCCADCCCCCJCCACCDCCDCCDAAACCCCCCCCJACDACCCDCCCCCDACCCCACCCDDCCCCCCCACCACAC
CCCCCCCCCCCCCCDCCCCACDCCCCCCDACDCCCCCCCDCDCCCACCCDCCCCCCDCACCCCCCCACDCCCCCACCCCACCCCCCCCCCCCCCCCDACD
CDACCCCCCCCDCACCCDCCCACCCCCCCDCCCCCCDCCDCCCDACCCCCCCCAJCCCCACCACCCCCCCCCCCADCCCCDADCCCCCCCCCCCCCCCCA
AACCCCCCCCCCADCCCCCCCCJCADCCCCDCCCCCCCCCDDCCDACCCCCCCCCCCCCCCDCCCCCAACCCADCCCCCCCCCACDACDCCCACCCDCCC
CCCCCCCCCCACCCCCACCCCCACACCCCCCCCCACCACCCAACCCCCCCCCCCCDCCCCCCDDCCCCJCCCCCDCCDCCCCCCACCCACCCDCCCCADC
CCAACCDCCCCCACDCCDDCAACDCCCACDCACCDCCCCCACCAACCCCCCCCDCCCCCCCCCCCCCCDCCCCCACCCCACDCCCCCCDJCCCCCCCACC
CCCACCCCCCCCCCADCCCCADCCCDJCCACCJCCCACCCCCCCCACDCCACCCCCCCDCCCCCCCAACCDCCCDCCCCCCCCCACCCCCCCCDCCCCCC
CCCCCDCCCCCACDCCDACACCCAACCCCCCCCCCCDDDDCCCDACCCCCCCCCCCDCCCACCCCCACCCCCCCCDDDCCCCCCACCCCAACADDCCDCC
CCCCCCCCCCDAJACCDAACACCACCCCACCCCCCCCCCCCCCJACCCCACCCDCCCCCCCCCCDCCCCACCDCCCCCCACCCDCDAJDCACCDCDCAAC
ACDCDCCCACCADCCCCCCCCCCCCDCCCCDDCCCCCCCACCCCCCACCCCCCCCCCCCDDACDCJACCCCCCCCCCCCADCCCDDCCCCCCCCACCCCC
CACCCAJCCACACCJCACCDACCADCCCCCDAACCCDCCACCCCCCCCCCADCCCCCCCADCCCACCCCCCCCDCCDJDCCCCDCCDCCDCCCCCCCCCD
CCCCACCACCCCDACCCACDCCCCCCCCCCDCDCCCDCCCDACCCACCCCDADCCCCACCCDCCCDCCDCDCCCACCCCCDACCCCAADCCCCCCDDCCC
CAACACACDCCDCCCCCCDCCCCCCAACCCCCACCCCCDCCCAADACCCDCCCCDCCCCCCCDCCCCCCACDCCCADAADCCDDCCDDCACACDCCCCCC
CCCCCCCCCCCCCDCAAACCCCDCCCCCCCCCCCCCCACCCCCCCCCCCCCACCCCCCCCDDCDCCDCDCCCCAACACCCCCDCCCCCJCCCCCCCDDCC
CCDCCCCCDCACCCCAAAACDCDCCCCCCCCCACACCCCDCCCCCCCCCCCCCCDACACCACCCACCCDCCCAACCCDCCCCCCCCCCCCJCCCACCCCC
DACCCCCACAACAACCJCCDCCCDCCCCCCCCCCCCCCCCCACDDCDCCCCCCACCCCCDACCAACCCCCCCCCDACDDCCCCAJCCCJCACCCCCCCCC
CCDCCDCDCACCADACCACCDCCCCCCCACCCCCJCACCCACADCCDCCACCCCCCCDCCAAACACAACJAAAJCACCCAACCDAACAAAAJJDDCAACA
ACDAJAAAACACACAAAJCCAACAAAAAAJJAAAJCCAACACCACJACCACCAAACACAAJJCAAAAACAJACAADACACCACAAAACAACACCJCCAAA
ACACJCCCJADAAAAACAACAAACAADDCAJACCCJAADJAAJAAAACACACCJACAAJACCACACCAJCCADCJCCCCAADACCACCJAAAACACCAJA
ACCCJJACCAAJAACAAAAACACAAAACCAACAAACAAACACCACAAACAAACAJCACAAADDCADCCCJCCAADCACCACCAAACACCACJJCCCCADC
CDACCJACACACJCAACACADCACCCCCAAACACCCAACCCDCJCACAAJCJCCCJCACCDCJACDAACJACAAAAACACACACJCCCDCJCCCCCCCCC
CACCDDJCACDAACCCCCCCAAACACCDAACACACJJCDDCJCCCCCACCAAJAACACCCCCACCCAAACACCDCAACCCDACACACCCCCACCCAJCAA
CCCAACCCAJACAAACACCACCDCACDCCACAAAACCJACCCACCCCAJCCCACDJJCAAACACACDCDCAAAAAACJACCCJCDADCDDCJCDCCCCAC
CAACAAACACAACCACACACCCACAJCCACDCACACCCJJACCCCADJCAAAACACCJACCCDCCJCCCCCCJCCAACCCADCCAAADCACACCCJAAAC
ACCCCCDACCACAACACAJCJCCDACCCJCDCJCACCCACJAAAACACACCCCDCCAJACCACCCACACCACCCACCCCJCJCCCCACAAACACCJCCCJ
ACCCCJACAACCDJCCCACCAACCCDCCACACDCAAACACCACACCCCCCCCACCACCJACCCCCCDCAACCCACJJACCAAACACCCCCAAAACAACCA
CAJAJCDACCCJDCCCCCADCAADAAAAACACCCCCCCCCCCCCAACACACCCACCADCCJCCCCCDCCDCDAAACACCAJDCCAACAACCAJCCAACCA
CJCCCCDCCACCCCCCDCAAACACCCCCACCCCADCCDCCCCDDCACCCDCCCCACCDAAADCDAAACACCACCAACCCCCCCDCCCCJCADCCCDCAAD
DCCCACCCCAAAACACDCACCJCCCCCDAJCAACCACCCCCCCADCACCCCCCDCAAAACACCCDCCCCCCCCCCJAADDCCCCACCDCCACCACCACAD
DJAAACACCCACCCCCCCDACDJCDJCCACCAAJCCACDCCCCACCDCAAACACCCCDADACCCCACDDCCJCCCCCCCCCACCCCCADCCCCCAAACAC
CCAJCCACACCCCCAJCCDCCAADCJCCCCDACCCCCCCCAAACACCCAAAJDCJCCCCCCCCCCCACDCCCACCACJACDCCCJDAAACACCAACCCCA
CDCACCCCCCDCCACCDCACDACAACACCCCCAAACACDDCADCCDCCCCCAACCCADDCACCAADDCCCDCCACCCCAAACACCCCCCDCDCCDCJAJD
CAADCACCJCJDCADCDCCACDCCAAACACCCCADCCCCDCCCCAACCCACCCCCACCDACACDCCJCCAAAACACCCCCCDACACCCCCCCCCAACAAC
DCCCCCADADDCDCCCAAACACDCDACCDCACCCCCDJDCCDCCCCACACDCCACDCCCDCCAAACACCDCCCCCACDCCDCCJCCJACACCCCCCADDC
CDDJCACCAAACACCCCCAACCACCCCCADADCCJDCCCACCCAACDCDDCCDCAAACACCCDJCJCDADCCCCCCDCCCDACCJACCCCACCCCCCDCC
AAACACCCADCCCCCADCCCCCACDCCACCCCDCCCACCCACCCADAAACACCCCCACCCDCCCCCCCCCCCAACCCCDAAJDCCDCCDJCCAAACACCC
CCCACDACCCCDCCDCCCCCDCCCCCCCCCCDCAACDCAAACACCCCACCDCCCCCCCCCCCCDJCCAACCCCCCCDCCCDCCCAAACACACDCAACCCC
CCCCDJCCCCCCCDCCCCDJCDDCCCACCDAAACACCACCCCCCCCACCCACCCCCCDCCCCCACCCCCJCCDCCDAAACACCCDCCDCCCDCCCCCDCC
CCACCCCCCCCCDCCCJCCCCCAAACACCCCCCJCCAADCCCCCDCCCAACCCADCCCCCACACDACCAAACACCDCDCCCCCCCDACADCCADCCCDCC
CCCDACACCCCCCCAAACACCCCCCCADCCCCCCCCCCCADACCCCAADDCDCCACCCCCAAACACCCCCCDCACCCCCAACDCCDCACCCCCCCDCCDC
ACCDCCAAACACCDCCDCCCCDCCDDDCCDCCDCACCCCCADCCDCCJCCCCAAACACCCCCCDCCCADCCCCCCCCCACACCCCCDCCCADCCCCCCAA
ACACCCCDACCCACCCCCCJCCCCCCCCCCCACCDADCCCACCCAAACACDDCCCCCCCCCDCCCCCCCCJCCCCCCDCCCADCCCADCDAAACACADCC
CCCCACCDDCCACCCCCCCCCCCCCCCCCCCDCCCCAAACACCACCCCCCDDDCCCDDDCCCCDCCCCCCCCCCCCCCDACDAAACACCACACCDCCCAD
CACCCCDCCCDDDCCCCCCCCCACCACCAAACACDCACCCCCJCCCDCCDCCCCDCCACACCCDDCCCCCCCCCAAACACCCCCDCCADDCCDCCCCCDC
CCCCCCJCCCACCCDDCCDDAAACACCCCCDDCDCCCCCCDCCDCCCDCCCCJCCCCCCCCCCCDCAAACACCCCCCCCCCCCCCCCCCCDDACCCCCDC
ACCCCDACCCADAAACACACDCCCCCCCDCCCCDCCCCDCDCCCCCCCCCCCACCCCCAAACACCDCCCCCCDCDDCCCCCCDCCCCCCCCCDCCCCACC
CDCDAAACACDCCCCCCCCCCCCCDCCCCCCCCCCCCCCCCCCCCCCCCCAAACACCCDCCCCDCCCCCDCCCCCCCCCCDCCCCCDCCACCDCCAAAAC
ACCCDCDCCCCCCDCCCDACCCCCCCDCCCCCCCCCCCCAACAAACACCCCCCCDCCCCCCCCCCCCCCACCACCCCCCDCCCCCCCCAAACACDCACCC
CCCDCCDCCACACCCDCCCCDCCCCCCCCCCCCCAAACACCDCCCCCCCCCCCCCCDCCCCCCCCCDCDCACCCCCCCCCAAACACCCCCCACCCCDCCC
CCCCCCCCACCCCDCCCCCCCCJCCDAAACACCCCACCCDDCCCDCCCCCCCCCCCCCCCCCCDCCCCACCDAACACCACCAAAACCCCACCCCAACACC
ACCAAAACACCACCAAAACACCACCAAAACACCAACAAAACCCCCCCCCAACACCAACAAAACACCCACAAAACACCAACAAAACCCCACCAACCCCCCC
CCCCAACCCCACCAAAACCCCCCCAAAACCCCACCAAAACACCACCAAAACCCCACCCCAACACCACCAAAACACCACCAAAACACCACCAAAACCCCAC
CAAAACCCCACCCCAACCCCACCAAAACCCCACCAAAACCCCACCAAAACACCACCAAAACCCCACCCCAACACCACCAAAACACCACCACAACACCACC
AAAACAACACCAAAACCCCACCCCAACACCACCAAAACACCACCAAAACACCACCAAAACACCAACAAAACCCCCCCCCAACACCAACAAAACACCAACA
AAACACCAACAAAACCCCCCCAACCCCCCCCCCCAACCCCACCAAAACCCCCCCAAAACCCCACCAAAACACCACCAAAACCCCACCCCAACACCACCAA
AACACCACCAAAACACCACCAAAACCCCACCAAAACCCCACCCCAACCCCACCAAAACCCCACCAAAACCCCACCAAAACACCACCAAAACCCCACCCCA
ACACCACCAAAACACCACCACAACACCACCAAAACACCACCAAAACCCCACCCCAACACCACCAAAACACCACCAAAACAACACCAAAACACCAACAAAA
CCCCCCCCCAACACCAACAAAACACCAACAAAACACCAACAAAACCCCACCAACCCCCCCCCCCAACCCCACCAAAACCCCCCCAAAACCCCACCAAAAC
ACCACCAAAACCCCACCCCAACACCACCAAAACACCACCAAAACACCACCAAAACCCCACCAAAACCCCACCCCAACCCCACCAAAACCCCACCAAAACC
CCACCAAAACACCACCAAAACCCCACCCCAACACCACCAAAACACCACCACAACACCACCAAAACACCACCAAAACCCCACCCCAACACCACCAAAACAC
CACCAAAACACCACCAAAACACCAACAAAACCCCCCCCCAACACCAACAAAACACCAACAAAACACCAACAAAACCCCACCAACCCCCCCCCCCAACCCC
ACCAAAACCCCCCCAAAACCCCACCAAAACACCACCAAAACCCCACCCCAACACCACCAAAACACCACCAAAACACCACCAAAACCCCACCAAAACCCCA
CCCCAACCCCACCAAAACCCCACCAAAACCCCACCAAAACACCACCAAAACCCCACCCCAACACCACCAAAACACCACCACAACAACACCAAAACCCCCA
CACAACCCCCACACAACCCCCACACAACCCCCACACAACCCCCACACAACCCCCACACAACCCCCACACAACCCCCACACAACCCCCACACAACCCCCAC
ACAACCCCCACACAACCCCCACACAACCCCCACACAACCCCCACACAACCCCCACACAACCCCCACACAACCCCCACACAACCCCCACACAACCCCCACA
CAACCCCCACACAACCCCCACACAACCCCCACACAACCCCCACACAACCCCCACACAACCCCCACACAACCCCCACACAACCCCCACACAACCCCCACAC
AACCCCCACACAACCCCCACACAACCCCCACACAACCCCCACACAACCCCCACACAACCCCCACACAACCCCCACACAACCCCCACACAACCCCCACACA
ACCCCCACACAACCCCCACACAACCCCCACACAACCCCCACACAACCCCCACACAACCCCCACACAACCCCCACACAACCCCCACACAACCCCCACACAA
CCCCCACACAACCCCCACACAACCCCCACACAACCCCCACACAACCCCCACACAACCCCCACACAACCCCCACACAACCCCCACACAACCCCCACACAAC
CCCCACACAACCCCCACACAACCCCCACACAACCCCCACACAACCCCCACACAACCCCCACACAACCCCCACACAACCCCCACACAACCCCCACACAACC
CCCACACAACCCCCACACAACCCCCACACAACCCCCACACAACCCCCACACAACCCCCACACAACCCCCACACAACCCCCACACAACCCCCACACAACCC
CCACACAACCCCCACACAACCCCCACACAACCCCCACACAACCCCCACACAACCCCCACACAACCCCCACACAACCCCCACACAACCCCCACACAACCCC
CACACAACCCCCACACAACCCCCACACAACCCCCACACAACCCCCACACAACCCCCACACAACCCCCACACAACCCCCACACAACCCCCACACAACCCCC
ACACAACCCCCACACAACCCCCACACAACCCCCACACAACCCCCACACAACCCCCACACAACCCCCACACAACCCCCACACAACCCCCACACAACCCCCA
CACAACCCCCACACAACCCCCACACAACCCCCACACAACCCCCACACAACCCCCACACAACCCCCACACAACCCCCACACAACCCCCACACAACCCCCAC
ACAACCCCCACACAACCCCCACACAACCCCCACACAACCCCCACACAACCCCCACACAACCCCCACACAACCCCCACACAACCCCCACACAACCCCCACA
CAACCCCCACACAACCCCCACACAACCCCCACACAACCCCCACACAACCCCCACACAACCCCCACACAACCCCCACACAACCCCCACACAACCCCCACAC
AACCCCCACACAACCCCCACACAACCCCCACACAACCCCCACACAACCCCCACACAACCCCCACACAACCCCCACACAACCCCCACACAACCCCCACACA
ACCCCCACACAACCCCCACACAACCCCCACACAACCCCCACACAACCCCCACACAACCCCCACACAACCCCCACACAACCCCCACACAACCCCCACACAA
CCCCCACACAACCCCCACACAACCCCCACACAACCCCCACACAACCCCCACACAACCCCCACACAACCCCCACACAACCCCCACACAACCCCCACACAAC
CCCCACACAACCCCCACACAACCCCCACACAACCCCCACACAACCCCCACACAACCCCCACACAACCCCCACACAACCCCCACACAACCCCCACACAACC
CCCACACAACCCCCACACAACCCCCACACAACCCCCACACAACCCCCACACAACCCCCACACAACCCCCACACAACCCCCACACAACCCCCACACAACCC
CCACACAACCCCCACACAACCCCCACACAACCCCCACACAACCCCCACACAACCCCCACACAACCCCCACACAACCCCCACACAACCCCCACACAACCCC
CACACAACCCCCACACAACCCCCACACAACCCCCACACAACCCCCACACAACCCCCACACAACCCCCACACAACCCCCACACDCCCCDCCDCACCCCCDC
CDCCJCDACCCJCCCCACACCDDCCDDCCCCCDCACCCCCCACACAACCCCCCCCCACCCCCCCCCCCCCCCCCCCCDDCACCACCACCCCCADCDACCA
CCCACCACCCCCCCCCCDDCACDDCCCCDCCACDACDCCDCCCCCCACCDCCACCCCCACCCCCCCCDCCCDCCCCCDCCACCJACCCCCDCACCCCCDC
CCCCCCCCDDCCCCDCCCDCCCCCCCCCACCCDCDCCACACCCCCCCCCCCCACCCCCCCCCCCCACCADCDCCJCCACCCACCCCJADCCCDCACCCCA
CADCCDCCCCCCCCCCCACCCCCJCCCCCCCDCCCCCCCCCDCCCCCCCCDCCCDCCCCCCCDCCDCCCCACCCCCCACCCCCCCCCACCCCCCCCCCCC
CACACCDCCCACJCCCCCCCCCCCCCDACACADACACACCCCCCCCACCCCCACCDCDCCCCACCACCCCCACDCCCCCCCCCCCCCCCCDCCACCCCCA
CCDDACCDAACCCCCDCCCDCDCCACDCCACCCCCJCACCACCCCCCDCCAACCCACCCDCACCCCADCDCCCCCCDCCCDCCCACCCAACCCCACDCCD
DCJCDCDCCCCDCCCCCCCCAAACCCCCCCACCCCCCACCADCDCACCCCCCCCCACCCDCCCCCCCCCCACDCCCCDAACACCCACCCCACDJCCCCCC
CCCCCDCCACCADDCCCCDCCCADCCCCCCCDCCCCCCCCCACCCCCCCCCACCCCCCCCCCCCCCCCCCACCCCCCCCCCAACDDCCCCCCDCCCACCC
JCDCDCCDCCCCCCCCCCCCCCCCDJCAACDCCCCCCCCCCCCCACCCCCDACCDCCCCCCCCCDDCCCDCCDCCCCCCCCCCDCCCCDCCDCCACCCCC
CCCACCCCCCCCCCAACCCCCJDCCCCCCCCCCCDCCADCCCJCCDCADCCCCCCDAACJCCCCCCCCCCCCCCADCCCCCCCCCCCCCDCCACCCCADC
CDCAACCCACCCACCCDAACCCCCCCDCCCCCCCCCCCDCCCCCCCCCCCCCACACCCCCCCCCCCCCACCCCCDCCCACCCDCCCJACCDCCCACACCC
ADCCCCCCCDCCADCCCCCCCDDCCCACDDCCCCDCCCCCCCCACCDCCCCCCCCCCCCCCCDCCCCCDCCCCCCCCCCACCCCCCCCCCCCDDADACCC
CCACCCDCCCCCCDCCCDCCCCCCCACACCCCCCCCCCCCCCCCCDJDDCCCACCCCCCCCCCCCCCDCCCCCACDCCACCCDCDCDCCCACCCCCCCJC
CDCCCCCCCCCCCCDCCCCCCCCCCCCDCCCCCCCCCCCCCDDCCACDCCCCCCADACCCDACJCDCCCDCCACCCCDAACCCDCCCCCCDCCCCCCCCC
DCCCCCCCDCCCCACACCCCCCCADCCCCDCCCAADCDCCCCCCCCCCCCCCDCCJJCCCDCDCCCCACDCACJCCCCDCCCCCCCCCCJACDACCCCCC
CCCCCCCCCCACACCACDCCCCCCCCAAAADCCCACCCCJCDCCCCCCCCCCACCCCCCCCCCCDACCDCCADCACCCACJJCDCCDCCCACCCCDCCCC
CADCCCCCCCCCCACCCCCACDCCCADCCACACCCACCCCCCCCCDCCCCDCCCCCCCCCDJCDCCCDCCCCCCCCCDCCCCCCCCCCCDCDCADCCCCC
DCDDCCCACCCCCACCDCCCCCCCCCCCDCCCCCCCDCDCDCCACCDCCCCCCJCCCDCCCCDCCCCCCCCCCJDCCCCCCCCCCACCACCCACCCDCCC
CCCCCCACCCDCCCCACCCCCCCCCCCCCCCADCCCACCCCCCCCCCCCCCCCCCCCAACDACCCCCDDCCCCACCCCCCDCCCCDACDCCCCJCJCCCA
ACCCACCCDCCCCCCADDCAACACCACCCCCCDCACCCCCCCDCJCCCCCCCCCDCCCCCCCCACCCCCCCACCCDCACCACCCACCACCCJDCCCCCDC
CCCDCCCCCCACCCCCDDCCCAACCCDCCDCCCCCDCCDJACCCCACDCCCCCCCCCCCDCDCDCCCCCCCDCCCACCCCCDCCCCCCCCCCJCACDDCC
CCCCACDCCCCCCCCCCDCCCCCCACCCCCCCDCCCCCCACCCCCACCDCCCDCCACDCCCCCCCCACACAACCCDCCCCDDCDACCACCCCCCACCACA
CCCCCCCCCAACCCCCCCCCCDCCCCDCCCCCCCCCCCCCCCCCCCCCCCCCCCCCCCCCDCCCCACDDACCCCCDCDCCCCDACCCACCDDDDDCCCCC
CCACDCDCCCCCCCADCACDCCAACCCCCAADCCCCCCACCJCCCACCCCCCCDCCCCCCACCCCCCDAACCCDACCCCCCCDDDCCAACCCACACCCCC
CCCDDDCCCCDCCCCCCJACCCACCCACACCCCCCCCCCCCCCCCCCCCCACAACCCCCCCCCCCCDCDCCCCCADCCCCDCCDCACCCCCCJCDCACCC
ACCCCCCCCDCCCCACCACCCCDCDCCDACADDCDCCCCCCCCACCACCCCCCACCCCCCCCCCCCCCDCDCCACCJCCCDACCCCCAADCCCCCCCCCA
CCCCCDCACCCCCCCACCCADJCCDCCCCDCCCCCCACDCCCCDCCDCCCCCCCCCCAACCACCCCDACCCCCCCCCACCCACCDACCCCCCCCCCCACC
CJCCCCCCCCACCJCACCCDCCACCCCCCCDCCCCCCCCCCACCACACDACCCCJDCCCCCCDDCCCCCCCCCCCDCACCCACDCCACAACCCCACCCCC
CCACACCAACCDCCCCDCAACCCCCCADCCCCCCCCCCCCCCCCCCCCCCDDCDCCDCCCCACCCCCCACCCCCCCCCCDCCCCCCCCCCCCCCACCCCC
CACCJCCCCCACDDACCCCCCCCDCCCJDDJCCCCCDCCACCCCCCDCCACCACCCCCDACCCCACACCCCCCCDDDCCDCAACAACCCACDCCACCDCC
CDCCDCCCCJDCCCCCCCCCCDCCADJCCCCACDCCCCACCCCCCCCACCCDCDCCCACCACACCCDCCADACACDDACCCDJCCCCCCADCCACCCCCJ
CDCDDCCAACCCCDAACCCCCDCCCCCACCCCCCCCCACCCDCACCCCCACCCACCCCCCACCCCCCCCCCCCJDCCCCCJCACCCCCCCCACCCCCCAC
CCCCCCCCDCCCCDADDCCCACCJACCCCCCACCCACCDCCDCCCCCCCCCCCCACCCCCCCCCCCCCCCCCJACDACCCDACCDCCCCCCCCCCCACCC
CCDCCCCCADCCCCCCCCDACACDACAADCCACCCCAADCCCCCCCCCCCDCACCCADCDDCDCDCCDCCADCCCCCDJACCCACCCCCDCCCCCCCCCA
CACCACDDDCACCCACCJDACCCCCACCCCCDCCCCCCCCCCADACACJCACDADCCADCCCACCACAACCACCCCCCACCCCCCACJCCCACDDCCACA
CCCCCDCCCCCCCCJCCCAJCACCCCCCCCCDCCDCACCADCACCCCCCCCDJCJCACADCCCJCCCCCCCCCCCCCCCDCCACCCCCCCCCCCDDCADC
CCCCCCCCCCACDCCCCCDACCCCJCCACJACACCCCCCCJDCCCCCCCACAACDCCCCCADCCDCCAACCACAADJACCCACCCADCCDACDCCCCCCC
DCCDCACCCACCACCACJAACCJCCDCCDCCCDCACCCDCCCCDJACACACDCDCCACCCCCCCCCCCCCACCACAACACCCCCCCCCCCCCCDCCCCJD
CCCCCCCCCCCDCCDACJACDCCCCCCCCDCCCAAJCACCCCCCAACCCACCCCCCCCCCDCAACCDCCACCACCCCCCCDCCCCCACCAACCCDCACCC
CCCCDCCCDCACACCCCDJCCCCACDCCCCCDCACCJACCCCCCCCCCCCCDCCCDCCCCCCCACCCCAAACACCCCCCCACCCCDCCCCCCCCACCCCC
CCACCACCDCDDCCDCCCCACCCCCCACCCCCCCCDACACCDCCCJCCACCCCCACCCCCACCDCCCCCCDDACCADCCCCCAACCCCCJCCACCACCCD
AADDCACCCCCJCCACCDJCCCCCCCCCCCCCAAACCCCDCCCACCCACJACDCCCCCCACCCCCCCCCAJCCACACCACACACCCCCACCDACCCDCCJ
CCACCCDCCCCDDCDDDCCCCCCACCDCCCCCCCCDDACCACCCCCCACACACCCCACCCCCCADACCCCCCCCDCCCCCCACCCCCCCCCCACCACCAC
ACCCCCCCCCCCCCJCCCCCCCACCACCCCCCCACCCCCCCDACCACACCCCCCDACJDCACDCDCCCCCCDCADCCCCCCCCCAACCCCCCCCCCCDCC
CCCCCCCCAACCCACACDADCCCCACCCDCCCCCACCCCCCDCCCCCCACCCJCCJCCCACCAACDCCCCCCCCCCAACACCCACCCDACCAACCCCDAC
CCCDACACCACCCCCDCCCAACADCCCACCCACDJCDCCACCCCCACJAACCCCCCCCCCCCCDDCCCCADACCACCDDCCCCCCCCCCCCCCJACCDCC
CCCCCCCCACCACCCACAJCCDDCCACCCDCCCDCJADJACCCCCACCACCCDCCACDCCCCCCCCCCDDACACCACACDCAACCCCCACCCCCDCCCCJ
CCDDACJDCCACCCCCCCCCCCACCAAACCDCCDCACACCCCCCCCCCCCCCCDCDADCCCCACACCCCCCDCDCCCCCCCCACACDCACCCACACCCCC
CCCCCCCCCACCAAACCCCCDCCCACCJCCCCCCCCCACCDCCCCCACCCCCCACCCACCCCJCACCACCCACCCCCCCCCCACADCACCCCCCCCCCCC
CCCCDCDCCCCDCCACCCCCCCCCCCCJDCDCCCCCCCCCCCCCCCACACCCCCCCDDCDCJDCCCCCDCCCCACCCACCAACDCCCACADCCCCCCCAC
CCCDCCCDCCCCDCCCCACCCCCDDCDCCACCCACACCCCCCCCCCCACCCCACCCACCCCCCCCDCCCCCCACCCCCCACCCAJACCDCCCCCCAAAAC
CCCCCCDJCCCCCACCCCCCCCCCDCDAACCCACCACCDCACCDCCCCACCCACCCCJACACJJCCCJCCDCCDAACDCCCCCCDCACACCACCCCADCC
ACDCACCJCCCCACJDCDCCCCCCDCCAACCCCCCCCADCCCDCJCCACCCCADCCCCCCDCCACDCCACCCCCACDCCCCJCCCDADCCCCACJCACCC
CCACCCCCDCCCCCCCCCAACCCJAACDCCCDCCCCCCCCCCCCCCACACCCCCCCCCCCACACCCCCCACCCCCCCCCCCADCCAACCCCCACJCCCAC
ACCCCDCCCACCCCCCCCDCCACCCCCAACAAJDCCCDCCCCCCCCCCDCACACCACCCCCDCCCCCCCCCCACCCACCCACCCCCCCCCCCCCCCCCCC
DCCCCCCJCCCCCCCACJCCCCCACACAJCCCAACCDCCCCCCJCCCCCCCCCCACCDDCCCCCACDADCDCAACCDACCADACCCCCCJACDCJCDADC
CCCACACCDCACCCCCCCJACCCDACCAACCCCADCCCACCACCCDCCCACCCDCCCJCCCCCCCCAJCCCCDACCCCCCCCCCCACACCCCJDCCCCCC
DDDACCCCCCCCCCDCAACCCCDCCCCJCCCJACCACCCCACCCCCADCCCCCCCCCCCCACCCCJCACCACACCCCCCCCACCCACCAAACCCCACCCD
AACCCCACCCCCCACDCACCDCCCCACACCACADCACCDCCACDDCDCCCCCACDDAACACCCCACDCCCAJCCCCCCCCACCCCCCCCCCAACCCCCCC
ACCCCCCAAACACCCCCCCCCDCCCCCCACCCCCCCCCCCDADCCCCJCADDCACCCCCCCCCCCCCACACACCCAACCCCADCDCACCCCCCCCCCDCC
CAJCCCDCACCCACCCACCCCACCCCCACCCCACACCACACCCCDCCCCCCADCCCACCADCCCCDAACAAACCACDDDCCJACCCACCDCCCDDCACCC
AJCCCCCCCCCCCCDCCCCCCCCAACCJJCCCCCADADCCCCCCCAACCDACCDCCCCDCDDCACDCACDCCCDCCCADCACADCCCDACCCACCCCCCC
CACCACCCCCCCCDCCCCDCCCDCCCCDJCCDCCACCCDCCCADCCCCCCACCAACDACDCDCCCCCDCCACCCACCCDCCCCCCCADCCJCCCCCCCCC
CCCCACCCCDCACCCCDCCACCCCAACCDCCCCCCCCACCACCDCCACCCCCCCCCCCCCCAAACCCCJCCDCDACCDCCACJCCCCACCCCDCCACCCD
ACCCDCCDDCCCCCJCDCCCCCCCCCCAJCCCCAACCCCCCCCCCCCCDAACCDCCACCACCDACCCCDCACCCDCCCJCCCCACDCCCJAAACCACCCC
CCCCCCJACCCCCCCDCCCCCDCCDAADCCDCACDCDCCADCACCACCCDAAACCCCDCDCACCCCDCCCDCACDCACCCCCDCCCCCCCDACCCCCCCC
ACCCCDJDCDCCACCCCCCCJCCACCCCCCAACCCCCCCCCDCCCCCDDCAACCCDCDDCCCCCCDCCCCCCCCJCDDCACCCJCADCCDDCCCDDCCCC
CAACDCCCDCCDCCAJCCCCCCCCCCCCCDACCCCCCCCCCCCCAAACACCCCDJCCDCCCCCCACCCACCCACCCCCCCCCCACCCCCCCJJCCCCCCC
CCCCCCCACCCCACCACCCCCCCCDCAACCACCCCDCCCCACCCCCCCCCCCCCDCDCCCDCCACCCCCCCACCCCACCCCCCCCCCCCCACCCCACCCC
CCDDCCCCCDADCDCCCCACCCCCCDACCACCCCACJCCCCAJCCCCCCACCCCDACCCCJCACCCAACCCCCCCCACCACDCCCACCCCCCCCDCCJCC
CACCACCAACAACCCCACCCCACCCJCCACCCCCCCCCCCDCDACCCCDACCCCCCCACCCCAACCCADCJCCCCCDACCJACACDDCCDCCACACCCCA
CDCCCCCCACCADCCCDDCCCDACCCCCJCCCCCCDCCCCCCCCCAAADCCCCCCCACCDCCCCJCCJACCCCCCCCCCCCACCDCACCCACADCACCDC
ACCACCCCCCCACCCCCCACACCCCCACCCCCACCAADJCCCCACCDCACCCCDCDCCCACCCCCACACDCCCCDCDCACJCCCADACCCCCCCACACCC
DACAACCACCDCCCJCCCCACCCACDCCCDCCCCCCCDCJCCACDCCDCACCCCACCCCACCCCCCCCACACCCCCCCCCACDCACCCJACCACCCJACA
ACCCCCCCCCDDACCCCCACDJCCCCACCCCCCCDCCCCCJACCCCCCCDCCAJACCCCCCCCCCCCCDCCACCACDCCCCCCCCAACCDCACADDCCDC
DJCACDDCCACACAJCCCCCCCCDCCACACCCCJCCCCCAACCCCCDCCCCACCDCCCCCCDCCAACACDCCCCACACDDCDACCDCCCCCCAJADCDCC
CCCCCCCCCCCCDCCCCCCCCCACCCACCCCCCCCCCDCCDCCCDCCACCCCCCCACJCCCCCDCCCACCDCCCCCCCCCADDAJCCCCCCCCCACCCCC
CDADCCDDCDCCCCCCDCCCCCCJCDDACACCCADACACCCCCACCCCCCCCCCAACCCCCACCACCCAJDCCCCCCCACCCCCCCCACCACCCCACCCC
ACDCDADCCCCDCACACCCCDACCCCDCCACCDCCACCCCACACCCCCCDCCCACAJACCCDCCCCDCCCCCCCACCDACCCCCCCCACCCACCCACDCC
CCCCCCACDCCCAACCCCJDCCCCCCACCCCCCCCCCCCCCCCADCACDCCCCCACACCCDCCCCCACCCCACCCCACACCCCCCCCCACCCCCCDADCC
JACCCCCADCCCCCCCAAAACCCCCCCCCDCCCCDCCCDCCCAADCCCAJACCCCAACCCJACCCCADCDCCCCCCCCCADCDAAJCCCCCCCCDCCACC
CCCACCDCACACCCCCAACCCCCCCCCCACACCACCCCDACCCDCCCAACDCACCJCACCJCACCAACCDCCDCCACCCDCCCCCACCDJACJCCCCCCC
CCCCADCCJCACCJCCACDDACAACDDDCAJCACCCCDDACCCCCCCCCCCACDACJADCAACAACCCACCCCACCDCCACCCCAJCACCCCCDDCCCCA
CCCCCDCCCCACDCACCACCJCCACCCCCCCCDACCDCCACACCAADACCCCCDCCCCCCCCCCDDCDCCCCCACADCCCCCCCCCACCACDCCCCCCCC
CDACJCCCCACCCCCCCDDADJCCCCCDCCCDCCCCDACCCCCACDADCCACAJCJCCCCCCCCCCCCCCCCCCACDACCCJCACCCCJDCCCAACDCCC
CCCACCDCACCCCCACCCCCAACCCCCCAADCAAACCDCCCDDCCCCCCCCCCCCCAJDACCCCCCCCCCACCCDDCCCCCCCAAACCCCDCACCAACCC
CCACCCCCDCACACCCADCCCCCCCACACCCCCCCCACCACCCJCJCCCCCDCCCCCACCACDCCCACCDCJAAJCACCCCCCCCCCCACCCCCCCCCCC
CCCCCCDCCACCCACCDACCCCCCCACCCAAACCCCCCCCDDACCCCJCCCCDDACCCACDDCCCCCCADDCCAJDCDCDCCCCCCCCDCAACDDACCCC
CACACCCACDCCCCCCADCCCCDCDCCDCCCCCCCDDCCDDCDCDACACCCACCCCDCCCCCJCACACCCCCCCDDCCJCCCCDCCCCCACCCCCCCCCC
CCAACAJCCCCCCCCCCACCACCCACCCCCCAADCCCCJACCACCCCCCDCCCDACCDDCCADDCJACACAADDADACCCADCCCCCCCCCACCAACCCA
CACACCCCACCACCAACCAACACCCCCCACACCCCCCACCCCCCCCCCCCCCACACCCCCCCAACCCCCACAAACACCCACCCCCACCCCACCCCACACC
CACCCCCCCACCCCCACCCCCCACCCACACACCCCACAACCAACACACCCCCCCCACACCCCACCCCACCCAACCCCCCCAACCACACCCCCAACACCCA
CCCAAAACACCACCCAACAACCCCACCCACCACCAACCCCCCCCCCCCCACCACCCACCCCCCACCAACCAAAACCCACCAACCCACCACCAACACCACC
CCAACAACCCCCAACCCCAACCCCACCCCCCCCCCCACACCCCCCCACACCCAACACCCCCCAACCCACCCCCCAAACCCACCCACCCACCCCCCCCCAC
CCCCCCCACACACAACACCCCCCAAACACCCACCCCCCACCCAACCCCCCCCCCAAACCCCACCCCCACCCCCCACACCCCACCCCAACCCCCCCCCCCC
CCCCCCCACCAACCCCCCCAACCCCCACCACCCCCCCCACACCACCCACCACCAACCCCACACAACACCCCCCCCCCACCACCCCCCCCAACCACCCACC
CACCCCCCCCCCCCCCCACCCCCCCCCCAACCCCACAAACCCCCCCCCCCCACCCCCCACAACCACCCCCACCCCACCACACCCCACCAACCCCCCACCA
CCAACCCCAACCCCACCCACCCACCCCCCCCCCCCACCCACAACCCCCACACCCCCCCCCCCCCCAACACCCCCCACCCCCCCCCCCCCCCAACCCCCAA
CCCCCCACCCCCACCCACAAAAACCCACCACCACCCCAACCCCCCCACACCCCCCCCCCCCAACACCCACCAACCCCAACCCCCACCCACCCCCAACCCA
CAAACCCCCCCCCCACCCCCCCACACCCCACCCCCAACCCCCCCCCCCACACCCCCCCCCCACCCCACACCCCCCCCCCCAACCCACCCCCCACCCCCCC
ACCACCCCCAACCCACCAAACCCCCAAACCCCCCCCACCACCCACACCCCCCCCCCCCCCCACACCAACACCCCCACCCCACCACACCACACCCCCCCAC
CCCACCCCCACACCCCAAACCCCACACCACCCAACCCCCCCCCCCCCCCCCACCAACCCCCCCCCCCCCCAACCACCCACACACCACCACCCACACCCCA
CACCCCACCACCCCCCACACCCCACACCACACCCCAACCCCCAAACCCCCCCCCCCAAACCCCCCACCCCACCAACCACCCCCCACCAACCCCCCCCCCC
CCACCCCAAACCCCCCCCCCCCCCACCCAACCCCACACAACACACCACACCCCAAACCCAACACAACACCAACACCCCCCCACAACCCCCCCCACCACCA
CCCAAACCCCCCCAACCACCACACCCCACCCCCCACCCCCCCCCAAACCACCCCCCCCACAAACACCCCCCCACCACCACCACCCCCCCCCCCCCCCCCC
CCCCCCCCCCCCCCCCCCCCCCCCCCCCCCCCCCCCCCCCCCCCCCCCCCCCCCCCCCCCCCCCCCCCCCCCCCCCCCCCCCCCCCCCCCCCCCCCCCCC
CCCCCCCCCCCCCCCCCCCCCCCCCCCCCCCCCCCCCCCCCCCCCCCCCCCCCCCCCCCCCCCCCCCCCCCCCCCCCCCCCCCCCCCCCCCCCCCCCCCC
CCCCCCCCCCCCCCCCCCCCCCCCCCCCCCCCCCCCCCCCCCCCCCCCCCCCCCCCCCCCCCCCCCCCCCCCCCCCCCCCCCCCACAACAACCACCCCAC
ACCCCAACCCACCACCCCAAAACCCCCCCCACCCCACACCCCCACAAAAAAAAACACCACCCCCAAAAACCCCCACACCAACACCACCCCACCCCCAACC
ACCCCAACCACACCCCCCAACCCACCACCCACACCCCCACCCCCCCCAACCAACCCACCCCACACCACCAACAACCAACCCAAAACCCACCCCACCACCA
CACCACACACAACCCAACAACAACAACACCACACCACCCACACCCCCAACCCCCAACACCCACCAAAACCCCACCCCACACCAAAACCCCAACACACCCC
CCCCACCCCCCAAACACAAAACCCCCCACCCCACAAAACCACCCAAACCCCCCACCAACAACCCCCCCAACACAACCCCCACACAACCCAACACCCCCAA
CACAAAAAACCAACCCAACCCACCCCACACACCCCCCCCAACAACCCCCCAACCACACCACACCACCACCCCAACACAACCCCAACCCCCACCCAACACA
CCCAAAACCAAACACCCCCCCCCCCCCCCAACACCCCCACACCAACAACCCACACCCACCCCCCCAAACCAACACCCACACACCCCCCACAACAACCACC
CCCCCCCCCACAACAACACCCCCCACAACAACCACCCCCCCCCCCACAACAACACCCCCCACAACAACCACCCCCCCCCCCACAACAACACCCCCCACAA
CAACCACCCCCCCCCCCACAACAACACCCCCCACAACAACCACCCCCCCCCCCACAACAACACCCCCCACAACAACCACCCCCCCCCCCACAACAACAAC
AACAACAACAACCACCACAACAACAACAACAACAACAACAACAACAACCACCACAACAACAACAACAACAACAACAACAACAACCACCACAACAACAACA
ACAACAACAACAACAACAACCACCACAACAACAACAACAACAACAACAACAACAACCACCACAACAACAACAACAACAACAACAACAACAACCACCACAA
CAACAACAACAACAACAACAACAACACCCCCCACAACAACAACAACAACAACAACAACAACACCCCCCACAACAACAACAACAACAACAACAACAACACC
CCCCACAACAACAACAACAACAACAACAACAACAACCACCACAACAACAACAACAACAACAACAACAACAACCACCACAACAACAACAACAACAACAACA
ACAACAACCACCACAACAACAACAACAACAACAACAACAACAACCACCACAACAACAACAACAACAACAACAACAACAACCACCACAACAACAACAACAA
CAACAACAACAACAACCACCACAACAACAACAACAACACACACCAACACACCAACACACCAACCCACCCACCCACCCAACAAAACACCCCCCCCCACACC
CCCACACCCCCACACCCCCACACCAACACACCAACACACCAACCCACCCACCCACCCAACAAAACACCCCCCCCCACACCCCCACACCCCCACACCCCCA
CACCAACACACCAACACACCAACCCACCCACCCACCCAACAAAACACCCCCCCCCACACCCCCACACCCCCACACCCCCACACCAACACACCAACACACC
AACCCACCCACCCACCCAACAAAACACCCCCCCCCACACCCCCACACCCCCACACCCCCACACCAACACACCAACACACCAACCCACCCACCCACCCAAC
AAAACACCCCCCCCCACACCCCCACACCCCCACACCCCCACACCAACACACCAACACACCAACCCACCCACCCACCCAACAAAACACCCCCCCCCACACC
CCCACACCCCCACACCCCCACACCAACACACCAACACACCAACCCACCCACCCACCCAACAAAACACCCCCCCCCACACCCCCACACCCCCACACCCCCA
CACCAACACACCAACACACCAACCCACCCACCCACCCAACAAAACACCCCCCCCCACACCCCCACACCCCCACACCCCCACACCAACACACCAACACACC
AACCCACCCACCCACCCAACAAAACACCCCCCCCCACACCCCCACACCCCCACACCCCCACACCAACACACCAACACACCAACCCACCCACCCACCCAAC
AAAACACCCCCCCCCACACCCCCACACCCCCACACCCCCACACCAACACACCAACACACCAACCCACCCACCCACCCAACAAAACACCCCCCCCCACACC
CCCACACCCCCACACCCCCACACCAACACACCAACACACCAACCCACCCACCCACCCAACAAAACACCCCCCCCCACACCCCCACACCCCCACACCCCCA
CACCAACACACCAACACACCAACCCACCCACCCACCCAACAAAACACCCCCCCCCACACCCCCACACCCCCACACCCCCACACCAACACACCAACACACC
AACCCACCCACCCACCCAACAAAACACCCCCCCCCACACCCCCACACCCCCACACCCCCACACCAACACACCAACACACCAACCCACCCACCCACCCAAC
AAAACACCCCCCCCCACACCCCCACACCCCCACACCCCCACACCAACACACCAACACACCAACCCACCCACCCACCCAACAAAACACCCCCCCCCACACC
CCCACACCCCCACACCCCCACACCAACACACCAACACACCAACCCACCCACCCACCCAACAAAACACCCCCCCCCACACCCCCACACCCCCACACCCCCA
CACCAACACACCAACACACCAACCCACCCACCCACCCAACAAAACACCCCCCCCCACACCCCCACACCCCCACACCCCCACACCAACACACCAACACACC
AAACAAAACAACAAAACAACAAAACACCCCCCCCACAAAACCACAAAACCACAAAACCCACACCAACACACCAACACACCAAACAAAACAACAAAACAAC
AAAACACCCCCCCCACAAAACCACAAAACCACAAAACCCACACCAACACACCAACACACCAAACAAAACAACAAAACAACAAAACACCCCCCCCACAAAA
CCACAAAACCACAAAACCCACACCAACACACCAACACACCAAACAAAACAACAAAACAACAAAACACCCCCCCCACAAAACCACAAAACCACAAAACCCA
CACCAACACACCAACACACCAAACAAAACAACAAAACAACAAAACACCCCCCCCACAAAACCACAAAACCACAAAACCCACACCAACACACCAACACACC
AAACAAAACAACAAAACAACAAAACACCCCCCCCACAAAACCACAAAACCACAAAACCCACACCAACACACCAACACACCAAACAAAACAACAAAACAAC
AAAACACCCCCCCCACAAAACCACAAAACCACAAAACCCACACCAACACACCAACACACCAAACAAAACAACAAAACAACAAAACACCCCCCCCACAAAA
CCACAAAACCACAAAACCCACACCAACACACCAACACACCAAACAAAACAACAAAACAACAAAACACCCCCCCCACAAAACCACAAAACCACAAAACCCA
CACCAACACACCAACACACCAAACAAAACAACAAAACAACAAAACACCCCCCCCACAAAACCACAAAACCACAAAACCCACACCAACACACCAACACACC
AAACAAAACAACAAAACAACAAAACACCCCCCCCACAAAACCACAAAACCACAAAACCCACACCAACACACCAACACACCAAACAAAACAACAAAACAAC
AAAACACCCCCCCCACAAAACCACAAAACCACAAAACCCACACCAACACACCAACACACCAAACAAAACAACAAAACAACAAAACACCCCCCCCACAAAA
CCACAAAACCACAAAACCCACACCAACACACCAACACACCAAACAAAACAACAAAACAACAAAACACCCCCCCCACAAAACCACAAAACCACAAAACCCA
CACCAACACACCAACACACCAAACAAAACAACAAAACAACAAAACACCCCCCCCACAAAACCACAAAACCACAAAACCCACACCAACACACCAACACACC
AAACAAAACAACAAAACAACAAAACACCCCCCCCACAAAACCACAAAACCACAAAACCCACACCAACACACCAACACACCAAACAAAACAACAAAACAAC
AAAACACCCCCCCCACAAAACCACAAAACCACAAAACCCACACCAACACACCAACACACCAAACAAAACAACAAAACAACAAAACACCCCCCCCACAAAA
CCACAAAACCACAAAACCCCCCCCCCCCCCCCCCCCCCCCCCCCCCCCCCCCCCCCCCCCCCCCCCCCCCCCCCCCCCCCCCCCCCCCCCCCCCCCCCCC
CCCCCCCCCCCCCCCCCCCCCCCCCCCCCCCCCCCCCCCCCCCCCCCCCCCCCCCCCCCCCCCCCCCCCCCCCCCCCCCCCCCCCCCCCCCCCCCCCCCC
CCCCCCCCCCCCCCCCCCCCCCCCCCCCCCCCCCCCCCCCCCCCCCCCCCCCCCCCCCCCCCCCCCCCCCCCCCCCCCCCCCCCCCCCCCCCCCCCCCCC
CCCCCCCCCCCCCCCCCCCCCCCCCCCCCCCCCCCCCCCCCCCCCCCCCCCCCCCCCCCCCCCCCCCCCCCCCCCCCCCCCCCCCCCCCCCCCCCCCCCC
CCCCCCCCCCCCCCCCCCCCCCCCCCCCCCCCCCCCCCCCCCCCCCCCCCCCCCCCCCCCCCCCCCCCCCCCCCCCCCCCCCCCCCCCCCCCCCCCCCCA
CACCAACACACCAACACACCAAACAAAACAACAAAACAACAAAACACCCCCCCCAAAAAACCAAAAAACCAAAAAACCCACACCAACACACCAACACACC
AAACAAAACAACAAAACAACAAAACACCCCCCCCAAAAAACCAAAAAACCAAAAAACCCACACCAACACACCAACACACCAAACAAAACAACAAAACAAC
AAAACACCCCCCCCAAAAAACCAAAAAACCAAAAAACCCACACCAACACACCAACACACCAAACAAAACAACAAAACAACAAAACACCCCCCCCAAAAAA
CCAAAAAACCAAAAAACCCACACCAACACACCAACACACCAAACAAAACAACAAAACAACAAAACACCCCCCCCAAAAAACCAAAAAACCAAAAAACCCA
CACCAACACACCAACACACCAAACAAAACAACAAAACAACAAAACACCCCCCCCAAAAAACCAAAAAACCAAAAAACCCACACCAACACACCAACACACC
AAACAAAACAACAAAACAACAAAACACCCCCCCCAAAAAACCAAAAAACCAAAAAACCCACACCAACACACCAACACACCAAACAAAACAACAAAACAAC
AAAACACCCCCCCCAAAAAACCAAAAAACCAAAAAACCCACACCAACACACCAACACACCAAACAAAACAACAAAACAACAAAACACCCCCCCCAAAAAA
CCAAAAAACCAAAAAACCCACACCAACACACCAACACACCAAACAAAACAACAAAACAACAAAACACCCCCCCCAAAAAACCAAAAAACCAAAAAACCCA
CACCAACACACCAACACACCAAACAAAACAACAAAACAACAAAACACCCCCCCCAAAAAACCAAAAAACCAAAAAACCCACACCAACACACCAACACACC
AAACAAAACAACAAAACAACAAAACACCCCCCCCAAAAAACCAAAAAACCAAAAAACCCACACCAACACACCAACACACCAAACAAAACAACAAAACAAC
AAAACACCCCCCCCAAAAAACCAAAAAACCAAAAAACCCACACCAACACACCAACACACCAAACAAAACAACAAAACAACAAAACACCCCCCCCAAAAAA
CCAAAAAACCAAAAAACCCACACCAACACACCAACACACCAAACAAAACAACAAAACAACAAAACACCCCCCCCAAAAAACCAAAAAACCAAAAAACCCA
CACCAACACACCAACACACCAAACAAAACAACAAAACAACAAAACACCCCCCCCAAAAAACCAAAAAACCAAAAAACCCACACCAACACACCAACACACC
AAACAAAACAACAAAACAACAAAACACCCCCCCCAAAAAACCAAAAAACCAAAAAACCCACACCAACACACCAACACACCAAACAAAACAACAAAACAAC
AAAACACCCCCCCCAAAAAACCAAAAAACCAAAAAACCACCACCACCACCACCACCACCAAACAACCACCACCACCACCACCACCAAACA
