corpus-sha256 37bbf17414e8a1468023c3a6542ae364bbbdab9d839249dcf4fcf334764bf86e
commands 28292
AAAAAAAAAAAAAAAAAAAAAAAACAAACAACAAAAAAAAAACCAAAAAAAAAAAAAAAAAAAAAAAAAAAAAACAAAAAAAAACCCAACCCCCCACAAC
CCCCCCAACCCAAAAACCCACCAAAAAAAAAAAAACAAAAAAAAACCCAACCCCCCACAACCCCCCCAACCCAAAAACCCACCAAAAAAAAAAAAACAAA
AAAAAACCCAACCCCCCACAACCCCCCCAACCCAAAAACCCACCAAAAAAAAAAAAAAAAAAAAAAAACAAACAACAAAAAAACCCCCAAAAAAAAAAAA
AAAAAAAAAAAAAAAAAACAAAAAAAAACCCAACCCCCCACACCCCCCCAACCAAAAAAACCCACCAAAAAAAAAAAAACAAAAAAAAACCCAACCCCCA
ACACCCCCCCAACCAAAAAAACCCACCAAAAAAAAAAAAACAAAAAAAAACCCAACCCCCAACACCCCCCCAACCAAAAAAACCCACCAAAAAAAAAAAA
ACAAAAAAAAACCCAACAACAAAAAAAAAACCAACCAAAAAAACCAAAAAAAAAAAAAAAAACAAAAAAAAACCCAACCCCCAACACCCCCCCAACCAAA
AAAACCCAACAAAAAAAAAAAAACAAAAAAAAACCCAACCCCCCACACCCCCCCAACCAAAAAAACCCACCAAAAAAAAAAAAACAAAAAAAAACCCAAC
AACCCACACCCCCCCAACCAAAAAAACCAACCCAAAAAAAAAACACAAAAAAAACCCCCCCAAAAAAAAAAAAAAAAACCAAAAAAACCAAAAAAAAAAA
AAAAAACAAAAAAAAACCCAACAACAAAAAAAAAACCAACCAAAAAAACCAAAAAAAAAAAAAAAAACAAAAAAAAACCCAACAAAAAAAAAAAAAAAAA
CCAAAAAAACCAAAAAACCCAAAAAAAACAAAAAAAAACCCAACCCCAAACACCCCACCAACCAAAAAAACCAACCAAAAAAAAAAAAACAAAAAAAAAC
CCAACCCCCAACACCCCCCCCACCCCAAAAACCCACCAAAAAAAAAAAAACAAAAAAAAACCCAACCCCCAACAACCCCCCAACCAAAAAAACCAACCAA
AAAAAAAAAAACAAAAAAAAACCCAACAAAAAAAAAAAAAAAAACCAAAAAAACCAAAAAAAAAAAAAAAAAAAAAAAAAAAACAAACCCCCCACAACCC
CCCCACCCCCAAAACCCAACAAAAAAAAAAAAAAAAAAAAAAAACAAACACDCCAAAAAACDDDCAACCCCAAAACCAAACAAAAAAAAAAAAAAAAAAA
AAAAACAAACAACAAAAAAAAAACCCACCCCCAAAACCAAAACCCCCCCCCCCCCCCCCCCCCCCCCCCCCCCCCCCCCCCCCCCCCCCCCCCCCCCCCC
CCCCCCCCCCCCCCCCCCCCCCCCCCCCCCCCCCCCCCCCCCCCCCCCCCCCCCCCCCCCCCCCCCCCCCCCCCCCCCCCCCCCCCCCCCCCCCCCACCC
CCCCCCCCCCCCCCCCCCCCCCCCCACCCCCCCCCCCCCCCCCCCCCCCCCCCCCCCCCCCCCCCCCCCCCCCCCCCCCCCCCCCCACCCCCCCCCCCCC
CCCCCCCCCCCCCCCCCCCCCCCCCCCCCCCCCCCCCCCCCCCCCCCACCCCCCCCCCCCCCCCCCCCCCCCCCCCCCCCCCCCCCCCCCCCCCCCCCCC
CCCCCCCCAAAAAAAAAAAAAAAAAAAAAAAACAAACAACAAAAAAAAAACCAAAAAAAAAAAAAAAAAAAAAAAAAAAAAAAAAAAAAAAAACAAACAA
CAAAAAAAAAACCAAAAAAAAAAAAAAAAAAAAAAAAAAAAAAAAAAAAAAAAACAAACAACAAAAAAAAAACCAAAAAAAAAAAAAAAAAAAAAAAAAA
AAAAAAAAAAAAAAACAAACAACAAAAAAAAAACCAAAAAAAAAAAAAAAAAAAAAAAAAAAAAAAAAAAAAAAAACAAACAACAAAAAAAAAACCAAAA
AAAAAAAAAAAAAAAAAAAAAAAAAAAAAAAAAAAAACAAACAACAAAAAAAAAACCAAAAAAAAAAAAAAAAAAAAAAAAAAAAAAAAAAAAAAAAACA
AACAACAAAAAAAAAACCAAAAAAAAAAAAAAAAAAAAAAAAAAAAAAAAAAAAAAAAACAAACAACAAAAAAAAAACCAAAAAAAAAAAAAAAAAAAAA
AAAAAAAAAAAAAAAAAAAACAAACAACAAAAAAAAAACCAAAAAAAAAAAAAAAAAAAAAAAAAAAAAAAAAAAAAAAAACAAACAACAAAAAAAAAAC
CAAAAAAAAAAAAAAAAAAAAAAAAAAAAAAAAAAAAAAAAACAAACAACAAAAAAAAAACCAAAAAAAAAAAAAAAAAAAAAAAAAAAAAAAAAAAAAA
AAACAAACAACAAAAAAAAAACCAAAAAAAAAAAAAAAAAAAAAAAAAAAAAAAAAAAAAAAAACAAACAACAAAAAAAAAACCAAAAAAAAAAAAAAAA
AAAAAAAAAAAAAAAAAAAAAAAAACAAACAACAAAAAAAAAACCAAAAAAAAAAAAAAAAAAAAAAAAAAAAAAAAAAAAAAAAACAAACAACAAAAAA
AAAACCAAAAAAAAAAAAAAAAACCCCCCCCCCCCCCCCCCCCCCCCCCCCCCCCCCCCCCCCCCCCCCCCCCCCCCCCCCCCCAAAAAAAAAAAAACAA
AAAAAAACCCAACAAAAAAAAAAAAAAACAACCCAAAAACCAAAAAAAAAAAAAAAAACAAAAAAAAACCCAACAAAAAAAAAAAAAAACAACCCAAAAA
CCAAAACCCCCCCCCCCCCCCCCCCCCCCCCCCCCCCCCCCCCCCCCCCCCCCCCCCCCCCCCCCCCCCCCCCCCCCCCCCCCCCCCCCCCCCCCCCCCC
CCCCCCCCCCCCCCCCCCCCCCCCCCCCCCCCCCCCCCCCCCCCCCCCCCCCCCCCCCCCCCCCCCCCCCCCCCCCCCCCCCCCCCCCCAAAAAAAAAAA
AAAAAAAAAAAAACAAACAACAAAAAAAAAACCAAAAAAAAAAAAAAAAAAAAAAAAAAAAAAAAAAAAAAAAACAAACAACAAAAAAAAAACCAAAAAA
AAAAAAAAAAAAAAAAAAAAAAAAAAAAAAAAAAACAAACAACAAAAAAAAAACCAAAAAAAAAAAAAAAAAAAAAAAAAAAAAAAAAAAAAAAAACAAA
CAACAAAAAAAAAACCAAAAAAAAAAAAAAAAAAAAAAAAAAAAAAAAAAAAAAAAACAAACAACAAAAAAAAAACCAAAAAAAAAAAAAAAAACCCCCC
CCCCCCCCCCCCCCCCCCCCCCCCCCCCCCCCCCCCCCCCCCCCCCCCCCCCCCCCCCCCCCCCCCCCCCCCCCCCCCCCCCCCCCCCCCCCCCCCCCCC
CCCCCCCCCCCCCCCCAAAAAAAAAAAAAAAAAAAAAAAACAAACAACAAAAAAAAAACCAAAAAAAAAAAAAAAAAAAAAAAAAAAAAAAAAAAAAAAA
ACAAACAACAAAAAAAAAACCAAAAAAAAAAAAAAAAAAAAAAAAAAAAAAAAAAAAAAAAACAAACAACAAAAAAAAAACCAAAAAAAAAAAAAAAAAA
AAAAAAAAAAAAAAAAAAAAAAACAAACAACAAAAAAAAAACCAAAAAAAAAAAAAAAAAAAAAAAAAAAAAAAAAAAAAAAACAACACCACCAAAAACC
AAAAAAAAAAAAAAAAAAAAAAAAAAAAAAAAAAAAAAAAAAAAAAAAAAAAAAAAAAAAAAAAAAAAAAAAAAAAAAAACCCCCCCCCCCCCCCCCCCC
CCCCCCCCCCCCCCCCCCCCAAAAAAAAAAAAAAAAAAAAAAAAAAAAAAAAAAAAAAAAAAAAAAAAAAAAAAAAAAAAAAAAAAAAAAAAAAAAAAAA
AAAAAAAAAAAAAAAAAAAAAAAAAAAAAAAAAAAAAAAAAAAAAAAAAAAAAAAAAAAAAAACAACACCACCAAAAACCAAAAAAAAAAAAAAAAAAAA
AAAAAAAAAAAAAAAAAAAAAAACAACACCACCAAAAACCAAAAAAAAAAAAAAAAAAAAAAAAAAAAAAAAAAAAAACAAAACAACACCACCCAAAACC
AAAAAAAAAAAACAAAAACAAAACAACCAAAAAAACAACAACACAACACAACCAACAACAAAACAACACCACCCACAACCCCCCCCCCCCCCCCCCCCCC
CCCCCCCCCCCCCCCCCCCCAAACAAACAAAAACCCCACACCCCCCCCCCCCCCCCCCCCAAACAACAAAAAACAAAACAAAACAAACAAAAAAAAAACA
CCCCCCCCCCCCCCCCCCCCCCCCCCCCCCCCCCCCCCCCAAACAACACCCCCCAAAACCAAACAACACCCCCCAAAACCAAAAAAAAAAAAAAAAAACA
AAAAAAAAAAAAAAAAAACACCCCCCCCCCCCCCCCCCCCCCCCCCCCCCCCCCCCCCCCAAAAAAAAAAAACAAAAAAAAAACAACACCACCAAAAACC
AAAAAAAAAAAACAAAAAAAAAAAAAAAAAAACAAAAAAAAAAAAAAAAAAACAAAAAAAAAAAAAAAAAAACAAAAAAACCCCCCCCCCCCCCCCCCCC
CCCCCCCCCCCCCCCCCCCCAAAAAAAAAAAACAAAAAAAAAAAAAAAAAAACAAAAAAAAAAAAAAAAAAACAAAAAAAAAAAAAAAAAAACAAAAAAA
AAAAAAAAAAAAACACCACAAAAAAAAAAAAACAAAAAAAAAAAAAAAAAAACAAAAAAAAAACAACACCACCAAAAACCAAAAAAAAAAAACAAAAAAA
AAAAAAAAAAAACAAAAAAAAAACAACACCACCAAAAACCAAAAAAAAAAAACAAAAAAAAAACAACACCACCAACAACCAAACAACACCACCCACAACC
AAACAACACCACCAACAACCAAACAACCAAAAAAACAACAACACAACACCACCAACAACCAAACAACACCACCCACAACCCCCCCCCCCCCCCCCCCCCC
CCCCCCCCCCCCCCCCCCCCAAACAACACCACCAACAACCAAACAACACCACCAACAACCAAACAACACCACCAACAACCAAACAACACCACCAACAACC
AAACAACACCACCAACAACCAAACAACACCACCAACAACCAAACAACACCACCAACAACCCCCCCCCCCCCCCCCCCCCCAAACAACACCACCAACAACC
AAACAACACCACCAACAACCCCCCCCCCCCCCCCCCCCCCAAACAACACCACCAACAACCACAAAAAAAAAAAAAAAAAAACACAACACCCCCCCCAACC
ACAAAAAAAAAACAAAAAAAACACAACCAAAAAAACAACAACACAACACAACCAACAACAACACAACACCACCCACAACCCCCCCCCCCCCCCCCCCCCC
CCCCCCCCCCCCCCCCCCCCCCCCCCCCCCCCCCCCCCCCAAACAACACAACCAACAACAACACAACAAAAAAAACAACACCCCCCCCCCCCCCCCCCCC
AAACAACAAAAAAAACAACAACAAAAAAAAAAAAAAAAAAACAAAAAAAAAAAAAAAAAACCCCCCCCCCCCCCCCCCCCACAAAAAAAAAAAAAAAAAA
ACAAAAAAAAAAAAAAAAAACCCCCCCCCCCCCCCCCCCCACACAACACAACCAACAACAAAAAAAAAAAAAAAAAAAAAAAACAACACCACCCAAAACC
AAAAAAAAAAAACAAAAAAAAAACAACCAAAAAAACAACAACACAACACAACCAACAACAAAACAACACCACCCACAACCCCCCCCCCCCCCCCCCCCCC
CCCCCCCCCCCCCCCCCCCCCCCCCCCCCCCCCCCCCCCCCCCCCCCCCCCCCCCCCCCCAAACAACAAAAAACAAAACACCCCCCCCCCCCCCCCCCCC
CCCCCCCCCCCCCCCCCCCCCCCCCCCCCCCCCCCCCCCCAAACAACAAAAAACAAAACACCCCCCCCCCCCCCCCCCCCAAAAAAAAAAAAAAAAAAAA
AAAAAAAAAAAAAAAAAAAACCCCCCCCCCCCCCCCCCCCCCCCCCCCCCCCCCCCCCCCCCCCCCCCCCCCCCCCCCCCCCCCCCCCCCCCCCCCCCCC
CCCCCCCCCCCCCCCCCCCCCCCCCCCCCCCCCCCCCCCCCCCCCCCCCCCCCCCCCCCCCCCCCCCCCCCCCCCCCCCCCCCCCCCCCCCCCCCCCCCC
CCCCCCCCCCCCCCCCCCCCCCCCCCCCCCCCCCCCCCCCCCCCCCCCCCCCCCCCCCCCCCCCCCCCCCCCCCCCCCCCCCCCCCCCCCCCCCCCCCCC
CCCCCCCCCCCCCCCCCCCCCCCCCCCCCCCCCCCCCCCCCCCCCCCCCCCCCCCCCCCCCCCCCCCCCCCCCCCCCCCCCCCCCCCCCCCCCCCCCCCC
CCCCCCCCCCCCCCCCCCCCCCCCCCCCCCCCCCCCCCCCCCCCCCCCCCCCCCCCCCCCCCCCCCCCCCCCCCCCCCCCCCCCCCCCCCCCCCCCCCCC
CCCCCCCCCCCCCCCCCCCCCCCCCCCCCCCCCCCCCCCCCCCCCCCCCCCCCCCCCCCCCCCCCCCCCCCCCCCCCCCCCCCCCCCCCCCCCCCCCCCC
CCCCCCCCCCCCCCCCCCCCCCCCCCCCCCCCCCCCCCCCCCCCCCCCCCCCCCCCCCCCCCCCCCCCCCCCCCCCCCCCCCCCCCCCCCCCCCCCCCCC
CCCCCCCCCCCCCCCCCCCCCCCCCCCCCCCCCCCCCCCCCCCCCCCCCCCCCCCCCCCCCCCCCCCCCCCCCCCCCCCCCCCCCCCCCCCCCCCCCCCC
CCCCCCCCCCCCCCCCCCCCCCCCCCCCCCCCCCCCCCCCCCCCCCCCCCCCCCCCCCCCAAAAAAAAAAAAAAAAAAAAAAACAACACCACCAAAAACC
AAAAAAAAAAAAAAAAAAAAAAAAAAAAAAAAAAAAAAAAAAAAAAAAAAAAAAAAAAAAAAAAAAAAAAAAAAAAAAAACCCCCCCCCCCCCCCCCCCC
CCCCCCCCCCCCCCCCCCCCAAAAAAAAAAAAAAAAAAAAAAAAAAAAAAAAAAAAAAAAAAAAAAAAAAAAAAAAAAAAAAAAAAAAAAAAAAAAAAAA
AAAAAAAAAAAAAAAAAAAAAAAAAAAAAAAAAAAAAAAAAAAAAAAAAAAAAAAAAAAAAAACAACACCACCAAAAACCAAAAAAAAAAAAAAAAAAAA
AAAAAAAAAAAAAAAAAAAAAAACAACACCACCAAAAACCAAAAAAAAAAAAAAAAAAAAAAAAAAAAAAAAAAAAAAAAAAACAACACCACCAAAAACC
AAAAAAAAAAAAAAAAAAAAAAAAAAAAAAAAAAAAAAAAAAAAAAAAAAAAAAAAAAAAAAAAAAAAAAAAAAAAAAAACCCCCCCCCCCCCCCCCCCC
CCCCCCCCCCCCCCCCCCCCAAAAAAAAAAAAAAAAAAAAAAAAAAAAAAAAAAAAAAAAAAAAAAAAAAAAAAAAAAAAAAAAAAAAAAAAAAAAAAAA
AAAAAAAAAAAAAAAAAAAAAAAAAAAAAAAAAAAAAAAAAAAAAAAAAAAAAAAAAAAAAAACAACACCACCAAAAACCAAAAAAAAAAAAAAAAAAAA
AAAAAAAAAAAAAAAAAAAAAAACAACACCACCAAAAACCAAAAAAAAAAAAAAAAAAAAAAAAAAAAAAAAAAAAAAAAAAACAACACCACCAAAAACC
AAAAAAAAAAAAAAAAAAAAAAAAAAAAAAAAAAAAAAAAAAAAAAAAAAAAAAAAAAAAAAAAAAAAAAAAAAAAAAAACCCCCCCCCCCCCCCCCCCC
CCCCCCCCCCCCCCCCCCCCAAAAAAAAAAAAAAAAAAAAAAAAAAAAAAAAAAAAAAAAAAAAAAAAAAAAAAAAAAAAAAAAAAAAAAAAAAAAAAAA
AAAAAAAAAAAAAAAAAAAAAAAAAAAAAAAAAAAAAAAAAAAAAAAAAAAAAAAAAAAAAAACAACACCACCAAAAACCAAAAAAAAAAAAAAAAAAAA
AAAAAAAAAAAAAAAAAAAAAAACAACACCACCAAAAACCAAAAAAAAAAAAAAAAAAAAAAAAAAAAAAAAAAAAAAAAAAACAACACCACCAAAAACC
AAAAAAAAAAAAAAAAAAAAAAAAAAAAAAAAAAAAAAAAAAAAAAAAAAAAAAAAAAAAAAAAAAAAAAAAAAAAAAAACCCCCCCCCCCCCCCCCCCC
CCCCCCCCCCCCCCCCCCCCAAAAAAAAAAAAAAAAAAAAAAAAAAAAAAAAAAAAAAAAAAAAAAAAAAAAAAAAAAAAAAAAAAAAAAAAAAAAAAAA
AAAAAAAAAAAAAAAAAAAAAAAAAAAAAAAAAAAAAAAAAAAAAAAAAAAAAAAAAAAAAAACAACACCACCAAAAACCAAAAAAAAAAAAAAAAAAAA
AAAAAAAAAAAAAAAAAAAAAAACAACACCACCAAAAACCAAAAAAAAAAAAAAAAAAAAAAAAAAAAAAAAAAAAAAAAAAACAACACCACCAAAAACC
AAAAAAAAAAAAAAAAAAAAAAAAAAAAAAAAAAAAAAAAAAAAAAAAAAAAAAAAAAAAAAAAAAAAAAAAAAAAAAAACCCCCCCCCCCCCCCCCCCC
CCCCCCCCCCCCCCCCCCCCAAAAAAAAAAAAAAAAAAAAAAAAAAAAAAAAAAAAAAAAAAAAAAAAAAAAAAAAAAAAAAAAAAAAAAAAAAAAAAAA
AAAAAAAAAAAAAAAAAAAAAAAAAAAAAAAAAAAAAAAAAAAAAAAAAAAAAAAAAAAAAAACAACACCACCAAAAACCAAAAAAAAAAAAAAAAAAAA
AAAAAAAAAAAAAAAAAAAAAAACAACACCACCAAAAACCAAAAAAAAAAAAAAAAAAAACCCCCCCCCCCCCCCCCCCCCCCCCCCCCCCCCCCCCCCC
CCCCCCCCCCCCCCCCCCCCCCCCCCCCCCCCCCCCCCCCCCCCCCCCCCCCCCCCCCCCCCCCCCCCCCCCCCCCCCCCCCCCCCCCCCCCCCCCCCCC
CCCCCCCCCCCCCCCCCCCCCCCCCCCCCCCCCCCCCCCCCCCCCCCCCCCCCCCCCCCCCCCCCCCCCCCCCCCCCCCCCCCCCCCCCCCCCCCCCCCC
CCCCCCCCCCCCCCCCCCCCCCCCCCCCCCCCCCCCCCCCCCCCCCCCCCCCCCCCCCCCCCCCCCCCCCCCCCCCCCCCCCCCCCCCCCCCCCCCCCCC
CCCCCCCCCCCCCCCCCCCCCCCCCCCCCCCCCCCCCCCCCCCCCCCCCCCCCCCCCCCCAAAAAAAAAAAAAAAAAAAAAAACAACACCACCCAAAACC
AAAAAAAAAAAACAAAAAAAAAACAACCAAAAAAACAACAACACAACACAACCAACAACAAAACAACACCACCCACAACCCCCCCCCCCCCCCCCCCCCC
CCCCCCCCCCCCCCCCCCCCAAAAAAAAAAAAAAAAAAAAAAAAAAAAAAAAAAAAAAAAAAAAAAAAAAAAAAAAAAAAAAAAAAAAAAAAAAAAAAAA
AAAAAAAAAAAAAAAAAAAACCCCCCCCCCCCCCCCCCCCAAACAACAAAAAACAAAACAAAACAACAAAAAACAAAACAAAAAAAAAAAAAAAAAAAAA
AAAAAAAAAAAAAAAAAAAACCCCCCCCCCCCCCCCCCCCAAAAAAAAAAAAAAAAAAAAAAAAAAAAAAAAAAAAAAAAAAACAACACCACCCAAAACC
AAAAAAAAAAAACAAAAAAAAAACAACCAAAAAAACAACAACACAACACAACCAACAACAAAACAACACCACCCACAACCCCCCCCCCCCCCCCCCCCCC
CCCCCCCCCCCCCCCCCCCCAAAAAAAAAAAAAAAAAAAAAAAAAAAAAAAAAAAAAAAAAAAAAAAAAAAAAAAAAAAAAAAAAAAAAAAAAAAAAAAA
AAAAAAAAAAAAAAAAAAAACCCCCCCCCCCCCCCCCCCCAAACAACAAAAAACAAAACAAAACAACAAAAAACAAAACAAAAAAAAAAAAAAAAAAAAA
AAAAAAAAAAAAAAAAAAAACCCCCCCCCCCCCCCCCCCCAAAAAAAAAAAAAAAAAAAAAAAAAAAAAAAAAAAAAAAAAAACAACACCACCAAAAACC
AAAAAAAAAAAAAAAAAAAAAAAAAAAAAAAAAAAAAAAAAAAAAAAAAAAAAAAAAAAAAAAAAAAAAAAAAAAAAAAACCCCCCCCCCCCCCCCCCCC
CCCCCCCCCCCCCCCCCCCCAAAAAAAAAAAAAAAAAAAAAAAAAAAAAAAAAAAAAAAAAAAAAAAAAAAAAAAAAAAAAAAAAAAAAAAAAAAAAAAA
AAAAAAAAAAAAAAAAAAAAAAAAAAAAAAAAAAAAAAAAAAAAAAAAAAAAAAAAAAAAAAACAACACCACCAAAAACCAAAAAAAAAAAAAAAAAAAA
AAAAAAAAAAAAAAAAAAAAAAACAACACCACCAAAAACCAAAAAAAAAAAAAAAAAAAAAAAAAAAAAAAAAAAAAAAAAAACAACACCACCAAAAACC
AAAAAAAAAAAAAAAAAAAAAAAAAAAAAAAAAAAAAAAAAAAAAAAAAAAAAAAAAAAAAAAAAAAAAAAAAAAAAAAACCCCCCCCCCCCCCCCCCCC
CCCCCCCCCCCCCCCCCCCCAAAAAAAAAAAAAAAAAAAAAAAAAAAAAAAAAAAAAAAAAAAAAAAAAAAAAAAAAAAAAAAAAAAAAAAAAAAAAAAA
AAAAAAAAAAAAAAAAAAAAAAAAAAAAAAAAAAAAAAAAAAAAAAAAAAAAAAAAAAAAAAACAACACCACCAAAAACCAAAAAAAAAAAAAAAAAAAA
AAAAAAAAAAAAAAAAAAAAAAACAACACCACCAAAAACCAAAAAAAAAAAAAAAAAAAACCCCCCCCCCCCCCCCCCCCCCCCCCCCCCCCCCCCCCCC
CCCCCCCCCCCCCCCCCCCCCCCCCCCCCCCCCCCCCCCCCCCCCCCCCCCCCCCCCCCCCCCCCCCCCCCCCCCCCCCCCCCCCCCCCCCCCCCCCCCC
CCCCCCCCCCCCCCCCCCCCCCCCCCCCCCCCCCCCCCCCCCCCCCCCCCCCCCCCCCCCCCCCCCCCCCCCCCCCCCCCCCCCCCCCCCCCCCCCCCCC
CCCCCCCCCCCCCCCCCCCCCCCCCCCCCCCCCCCCCCCCCCCCCCCCCCCCCCCCCCCCCCCCCCCCCCCCCCCCCCCCCCCCCCCCCCCCCCCCCCCC
CCCCCCCCCCCCCCCCCCCCCCCCCCCCCCCCCCCCCCCCCCCCCCCCCCCCCCCCCCCCAAAAAAAAAAAAAAAAAAAAAAACAACACCACCAAAAACC
AAAAAAAAAAAAAAAAAAAAAAAAAAAAAAAAAAAAAAAAAAAAAAAAAAAAAAAAAAAAAAAAAAAAAAAAAAAAAAAACCCCCCCCCCCCCCCCCCCC
CCCCCCCCCCCCCCCCCCCCAAAAAAAAAAAAAAAAAAAAAAAAAAAAAAAAAAAAAAAAAAAAAAAAAAAAAAAAAAAAAAAAAAAAAAAAAAAAAAAA
AAAAAAAAAAAAAAAAAAAAAAAAAAAAAAAAAAAAAAAAAAAAAAAAAAAAAAAAAAAAAAACAACACCACCAAAAACCAAAAAAAAAAAAAAAAAAAA
AAAAAAAAAAAAAAAAAAAAAAACAACACCACCAAAAACCAAAAAAAAAAAAAAAAAAAACCCAADCCJCACCCDCCCCCCCCCCCDCCACCCCCCCCCC
CCDCCCCCCCCCCCDADCACCCCACCJCCADCCCACACCDCCCCACDCACCCCCCCCCCCCDDDDJCDCCCCCCCCCCDDAACCCDCCCCCCCJCCCDCC
DCDACCCCCDCCCCCJDDDCCCAACCCCCCAAJCDACCACCACCCACCCCCDCCCDCCCACCACACDDCCCADCCCDADCCACCCCDCDCDCCDACCAAD
CCCCCDCCCCACCDCDCCCCDCCCDACCCCDCCCCCCACDADADCCCCCCCCCCCCCCCDDCCCCACACCCCCDCCCCCDDCCCCCCCDCCCCACCCCCC
CCCACCCCCCCCDCCCDCCCCCDCDACCCACCACJCCACCCCCCCCCDCDCCCCCCCCCCCACCCACCDCACCACCCCDACCCCCCCCCCCCADCDCCCC
CDCCCCCCAACDCADCCCCCCCCADCCCCCCADDJCCCCCCCCCCCACDCCCACCCCCCCDCCCCCCCCDCCCDDCCCCCACCCCCCCCDCCCCCCCACC
CCCCCCDDCDDCCCCDCDAACCCCCJCCCACDCCACACDCCCCACCCCCDACCCDCACJCCCDCJCACJCCADCDCCCCCCCCCCCCCCACCCCCCCCCC
CCCCCCCDDDCCCCCCCCDCCAJCCCCCCCAACJCCACCCACCCCCCCCCCADCACCDCCCCCCDDCCCCCCCCCCCCCAJDCCCCCCCCCCCCCCCCDA
CCCCCCCCACCCCCCCCCCCCCACCCDCCCDCCCCCCCACDCACCADJCDCDCCCCACCCCCCCCACCCCCCCCCCCCCCCCCCCCCCDCCCCCCCCCCC
CCCDCCCCCCDCCDCADCCCADCADCCJCDCCDDCCCCCCDCCCACCDCCCCCCDDCCCCCDCCCCCCCCCCDACCACCCCCACCCCACCACCDDCDDCD
DCCACCCCCDCACCCCCCCCCCCCCCCCCCACCCCDCCCDDDCCDCDCCCCACCCDACCDCDCDCDCCJCDCDCCCDCCDCCCADCJCDCCCADCCCDDC
CCCCDCCCCCCAJCCCDCACCCCCCCDCCCCCCCCCCCCCDDCCCCCCCCCCCCCCCDADACCCDCCCCCCCCCCDACCCCCCCCCCADJCCCACCCCAJ
CCDCCCCACCCDDCCCCCCACCCCCCCCCCCCDCCCDJJADCCJCCCCCCCCCCJCCCCACCCCCACCCCCCCDCACCADCCADACCDDCCCCCDCCCCC
CCDCCAJCCDCCCCCDCCCCCDCCCACCCCCCCCDCACCACCCCCCCCCDCCCCDCCACACCCCCCCCCCDCACDCCCCCJCCDCCCCCCCCCCCCCCCC
CCCCCCCCCCDCDCDCCCCCCCCCAACACCCCACDCCJCCAADCCDCCCCDCADCCCCDCCCACCCDCCDCCADCCCCCCCCAACDCCDCCCCACCJCCC
CCCCCDCCCCDCCDCCCCACDCCCCCCCCCCCCDCCCCCCCCACACJCCCCCCACCCCCCCCCCCCCDCCCCDCCCCCCCDADCDDAJCCDACCCDCCCC
CCDCACCCACACCCCCACCDDCCDCCCCCCACCACCCJCCCDJCCCCCCCCDDDCCACCCCCDCCCCCCCCCCAJDCCCCDCCCCDACCCCCCCCCDCCC
CCCDCACCCADCCCCACCCCCCCCCACCCCCCCCDDCCCCCCCCCCCCDCCDCADCCCDDDCCCCCCACCCCCCCDCAAACCCCCCCDCAACCCCJCCCC
CCCCDACCCDCDCCACCCCACACACCCCCCACCCAACCDCCJDCCDCCCCCCCAACCCCDCCCCCDDCDACCACCDCCDCCDCCCDADCCCCAAADCCCC
CCCCCCADCCCCCCACCCCCCCCCCCCCCADCCCCACDDDCCCAACCCCACCCADDCCCCCCCDACCCCDJCCCACCACCCCCDCADCDCCCDCCCCCCC
CCCCCADCCCACCCJACCCCCACCDCCCCCCCDCCCCCCCJCCCCCCCACCCCCDCCCCCACCCDCCDACCCJCDCCCCADCCCACCCDCACCCJCCCCC
CACCCCCACAJCDCCCCCCDJDCCDCAJCCCCCCCCCDCCCCCACACCCCCCCCCDCCACCCCACCACCCCCCCCCCCCCCACCDCCCCCACACCCACCC
CCCDCCACCDCCDJCCCCCDACCCCACACCJCCCCCCCCCCDCCCCCCACAACACCCCDCCCCCCCCCCCCCCJCCCCAACCCCCDCCCDCCACCDCCCC
CCACACDCCCDCJCACCDDCDCJCCCCCCDCCCDCJCACCCCCCCCCDCCCDCADCCCCACCCCCJCCCCCCCCDCCCCCCCACCCCADCJCCCAACCAC
CCCDACCAJCDDDAAACCCCCACCCCCCCCCDDCCCCDCACDCCCCCCACCCCCCACCCCDCCCADCCCCCCDCACDACCCCCJCCCCCCCCCDCACCCC
CCACCCAAACDCCDCCCDDDCDCCCAACCDACDCDCCCCCCCJDDCACJCCJCCCACACDCADCCCCCACCCDCCCCCCCCCCCCACCCCDACACCCACC
CDJCDCADCCCCCCACCADCCCCCCCDCCCCCCCCCCCCCDAACCCCCCCCCCCCCCCDCCCCCCCCDCCDCCCCCCACCDCDCCDCCCCCCDCCCCCCC
AACCCCCCCACACACCCCCCADCCCCDACCCCAACCCCCCCCACCCCCCCCCCCCCCCCCCCDCCADCCCCACCCAACDCCDCCCACCCCCCCADJCCCC
CCCCCCCCCCCJCCDCCACAJCCCCCCCACCCCCCCCCCDCDCCCCCAACCCACJCCCCCCACCCADJCCCCACCCCCCDADDCCCCCDCCCCDCJCCCC
CDCCCCDCDACCDCCCCCCCCCAACCCCCCCCCCACCCCCCCCDCCCACCCCCCCCCCCCACCDCCJDCCCCCCCDACJDCCCCCCCDDCCACJDCCCCC
CCDDCCCDCCCDCDCCCCCCCCCCCCACCCCCCCAADCCDCCCCACCCCCCAAACDCCACACCCCCDCACCDCCCCCCDCCCDDCDCCCJCCCCDCCACC
CCCCCCCCDCAAJCDCACCCCCACCACCCCCCCCACDCCCCCCCACCCCDCDCADACCCCDCDJCCCCCCCCACCDCCCACCCACCCDCCCCCCCACCCC
CCCCCCCCCACDADCDCCACACCCCCJCCCCCCDDCDCCCCCCCACACCCJCDCCCCCDCCCCAACAACJCJCDCCCDCCCCACACCDAACDCCCCDCAD
CCCDCCCCCDCCDCDCCCACCDACCCCCCCCCCDCCCCCCCCCDCCDCCCCCCCCCCCCCDCCCCCACDCCACCCCDACCCCCACCCACCAACCCCCCDA
CCCACCCCCCCJACCCCCAACCCCCCCCCCCCCAJCCCCDCCCCCACCCCCCCACCCCCACCDACCCDCADACCCCCCCCCDCDCCDDCCCACDCCCCCA
CCCCADCCJCCCCACCCDCDACACCCCJCCCDCCCCCCCCCCCCDCDCCCADACCCCCCCACCCCCACCCCAACCCCCCJCACCCDCCAADCCCCCCACC
DCCCCDCCCCCCDDCCCCCDCCDCCCDCCCCCCCCCCACCCACCCCCACAACCDCCCCDCCACCCCCACCCCCCCCDDCAAJCCCCCCCCCACCCCCCJD
CCCCCCACCCDCJCCCDCCCCCCCCCCDCCCCCCCCCCJCACCCCCCCCCCCDCCCCDCCDCCCDCCJCCCCDCCCCCCCCCCCACJCCDCCCCCCCACA
CDCCCCCDACCCCCCACCACCCCCCCACCCDCCCADCCCDCCAACCCDCCCCCCDCCCCCCDCCDCCCCCCCDACCCCDCCCCCCCCCCAACJCCCCCCC
CCDCCCCDAACCACCCACDCDCACCCACCCCCCJCDCDDCCACDJCACCCCDACCCCDCCCCCCCCCACCCDCCDCDCCACADCCCDCACCCCCCACCCC
CACCCCCCCCCCDCCCCCCCJCDCCDCJCDACCCCCCCJCCCCCCCCAACDCACCCCDCACDDCCCCDCCCDACCCCCCCDCCDCCCCCCACCCCJCCAC
JCCCCCCCACACCACCCCCCCCACCACCCCCACDCCCCACCCACCCCCDCADACCCCCCCCDCCCADDCACCADCCCAACCCCCCCCCCDACCDCCCCDC
CCCCDACCDCCCACCCCCCCDDCCCACCDACCCCCDACJACCCCDCDDCCDDCCCACCDCCADACCCCDCDCCCCCCCCACDCCCCCCCCCCCCCCCCCC
CCCDCCCACCCADCCCCCCCCDCCDCADCACCCCCCCCCCCCCCDCAJCCACDCCDCCCCCCACCCCCCCCCCCCCCCCCCCCCCCCCCCCCCCCCCCCA
CCCCCCCCCCCCCCCAADJCCCCCDCCCCCCCCACCDCCCCCCCCCACJCCCCCDACCAACCCCCACCCACCCCCCCCCCACCCACCCCCJCCCCDCCJC
DCDCCCCCACCCCCCACCCACCCCCCCCCJCCCCCJCCCCCCCCCCCCCCCCCCDCCDCCCCCCDCCACCCCACCCAACCCCCCCDCCCCCCCACCCACC
CCCACCCJCCCCCCCCCCCCCCACCDACCCCCCCCCACACADCCDCJCCCCCCDCCCCACCCCCCCCCDCCCCCCCACCCADDCDCACDCCCCDCCCCCC
CADCCCCCCACCCCCCCCCDCADCCCDCAACCCCDDCCCCCCCCACCCDCCCADCCACCCCCACACCCADCJCCCCDCCCCCADCACCCCCCACCCCCCA
CCCCDCCCCCCCCCCCACCCCCACDCCACCCCCCCCCCCACCCDCJCACCCCCCCACDDCCACACACCCCCACCCACCCCCCCACDJCCCCCCCCCCACC
DCCDCCCCCCCCAACCCAACCCCDCAACACCCCCCDCCCCACACCCDCCCACCAACCDCACACCCCCCCCCCCCCDCCCCCCACCCCACCCCCCACCACC
CCCCCCCCCCACACAADCCDCCCCCCCCACAAACCCCACAACCACCACCCCCCCCACDCCCCCDCCCCACCCACCDDCCDCCCCCCADCDCDCCCCCACC
CCJDDCCCCCCCCCACACDCCACCACCADCACCCCACCCCCACCCCCCCACCCCCCDCCDACACCDCDCCACACCCDCCCCCCCCCCCDCDDCACDCCCC
AACDCCCCCCCCCCACDJCCCCCCCACCDDCCCCCDJCCCCJACCCCCCCCCADCCDACCCCCCDCCCDDCCCCCDCCCCDCACDCCCCCCACCAACJAC
CCCJDCCDCCCDCCCCACCAADJCCCCCACCCCACJCCCCCACCCCCCCADCCCACCCCCDCCACCCJCCACCCCCCCCACJCCAACCDCCCCCCDCCCD
CCCCCCCCCADDCCCCCCCACCCCACCCCCCCCAACCCAACCACCCACDDCCDCCCDDCCDDACCACDCCCCCCCDCCCACDJCCCCDACACCCCCCACC
CACCCCCCCCCCCCDCJCCACACCACCCCDACCCACCCDCCCCCCCCCCCCAACCCAADCCCCCCCDCCCCCCCCCCCCCCCCCCCCCCCACCDADCCCC
CCCDCCCCDCCCDCCCCCACCCACCCACCCCDCCCDCCCCCCCCCCCACCCCCCCCCCCCCCACDCCCCCCCCCCCACACCCDCCCCACCCCCDDCCCCC
DDJCCCDCCCCCADCACDDCCCCCCCCCCCCCCCCDCCACCCCCCDCDCCACCCCCCCCCCCCCCCCCCACCCCCCCCCCCCCCCDCJCCCCCCCCCCCC
ACCCCACCCCCCCAACCDCCCAJCCCCCCACCCACACCCCCCCCCCCCCCCCCDCDACCCCCACCCACCCCCCCCCCACCCADCCACACCCCACCCCCCC
CCCDCCCCCADCDCCDDCCDCCCDDCCCCCCCCACCCCCCCCCCCCACDCCCCCCCACCCCCCCCCCACCCCCCCDCACCDCCCCCAACCDCCCCCCCCC
CDDDCCCCCCCAACCDCCCCAJCACCCCCDDCCACCACJCCCCCCDDACCCCAACCCCDDCADCCCCCCCACACCCACCCCDCCADCAACCDCCACCCCC
CCCCCCCCCDCCCCCCCCDCDCCCCCCACDCCCCCCCCJACCCCCCACCCCCCACCCACCCCDCAACCDCCCCCCCACCCCCCACDCCCCCCCCCCCCCC
CCCCCCCCDCCCCCCCACACCCCACCCCCCCAACCCCCCCDDACCCCCCCAACCCAACCCCCDCACDCCCCDACACCCCCACCCCACCCJCCDDCCCADC
CAJCCCDACDACACACADCACCCCJACCDCCCCCCACADCACCDCDACCDCCDCCACCCCCCCCCCACJCCCCCCCCDDCCCCCCCCCDACCCDCCCACC
CCCAACCCCCCCDDCCDCCCCCDCCCCCADCCCCADDCCCCDCCDCCCCCAACCDCCCCCCCCCCCCDJCCCCDCCCAACCCCCCCCCCCDCCDCADCAC
CCDCCJCCCADDCCCCACCCCCCDCCCCACCCCCCCCDACCCCCCCCCDCCACCCCCCCCCCCCCCCCACCCCCCCCCCCCCADCCCADCCCDCCCCCCC
DCCCCCCCACCCCCCCCCACACCCADCCCACCCCCCCDCCCCCDACCCCCCCCCCCCJCCCCCCCCACCCCCACCCCCCCCDCCCCCCDADCCCCCCCCA
CCCCAACCCCCCCCCDCACDCCCCCCACACACCCCCCCCCCCACCDCCCCCCCCCACCCCCCCCCDCCCCCCCCCCCCDCCCCCCCCDCDCCACCCACCC
CCDACCCCACCAACCCCCACCCCDCCCDCACCADDCCCCACCCDCCACCCACCCCCCCDCCCCCDCDDCCCCCACCACCCCACCCCCCCCCCCCACCCCC
CACCCCCCCCACCCCCDDCCACCCDCDCCDACJCCCCCCCCCCJCCACACCCCACCCCCCCCACCCCCCCACCJCCDDCCCCCCDCACDCCACCCCCCDD
CDCCCCCDCCDAAACCCCDCCCCCDCCCACDCCCCCCCDJCCACCCCCCDDACCCCCCCCJACCCCACDDJCCCCCCCCACCCCDCCCCCCDCADDDCCC
CCCCCACCCCCCDDCCCCCCCCCCCJCACDCCCDCCCCDCCCCCACCCCCCDACCCCCCCCCCACDCDCDCJCCCCCCCDACCDCCCCCDCCCDCCCCCC
CDACACCACCCCCCCCDCCACACDCDCCDCCCCCCCCACACACCCJCDDCACCDCCCCACCCCCDCCCCCCCDCCCCCADACCCACCDCCCDCADCACCC
CCCCCCCCCCCCCCCACCCACCCCCCCCCCCCCDDCCACCCCCACDCCACCCDCCDCCCCCCCCACCCCCCCCCCCCCACCCDCCCCCCDCCDCDCCCCC
CDCCCCCCCCACCCCCCCCDDCDCCCCCAADCCCCCCCCCCDCCCCCCCAACCCDACCDCCCCAJCDCCCDCCCCCDCCDCDCCACCCCCCCCCAJCCCC
CCDCACCDCCJCCCCACDCDCCCCCCDCCDCCCCCCCACCCCCCCCCCCCAJCCACCCDCCCCCCDACCCCCCCCCDCDCCCDDCCCCCCCDCCCCCCDC
CADACCACCCCCCACCDCCACAACCACJCCCCCCCDCACCCCCCCCACADAJCCACDJCACCCCCCCACCCCCCCCDDCCDCJADCCCACCACCCCCCCA
CCCACCACCCCCDCCCCACJCCCCCCCACCADCCJACCCCCCCCCCCCCDCCCCACCCCCACCJCCACJACCCCCCDCCCCCCCCCACCCAACCCCCCCC
CCADCCCCCCCCCCCCDJCCCCCCCCCCCCCCCCCCCACCCCCCCACACCCCDCCCCDCCACCCCCAAAACCCDCACCCCACCCCDCCDCACCCCCCDAC
CCCCCDCCCCJAACCACCCCCDCDCCCDCCCCCACDCDCCCACAJCJACCCCCDCCCCCCCCCDDCCCADCCCCCCDJCCACCCCDCCDCCCCCCDCDCC
CCCCCCACCCCCCCADCCCCCCCCCCCCCCCCCCDCCACCCDCACCCCCCCACCCACDCCCCCAJCADCCCCCCCCCCCAAJCCCCCCDCCCCJACCCDC
ACCCAACJCCCCADCJCCCCCCCCACCADCCCCCCCCCACDDCCCCCACCCACCDCCADACJCCCCCCCCCCCCCCCDACCJDCCCCCCCJCCCCCCCAC
CDCCCDACCACDCCCDCCCACCDCDCCCCCCAJCCCCCCCCCACCCCACCCCCCDCCCCCCACCCCCACCCCCCCDCCCCCCCCCCCCDCCCACCCCCCD
CCCCCCCCCACCCACCCACCCCCCCCDCCCCCCDDJCCCCDAACCCCACCCCADCACCADCCCCCCCCCACCCDCCCCDCCCCACCCCCCCAADADDCCC
JCCCCCCDCCCCCDCAACCADCCCDCCJCACCACCCCCDCDDCDCCCCDCACCCCCCCCCDCCCCDCCCCCCCCCACACDCCCCCCCCCCCCCAACCCCC
CCCCCCJCCCJCCCJCCCCCCCDCCCACCCCDACACCCCCCCCCAACCADDCCCCACCDCCACCACCDACDACCCCCDCCADCDCDCCCDCCCCJCCCDC
CACCCDCCCCCCCCCCCCDDCACACCCJCCCCCACCCCCCCCCCCDCCCJCADACDCCCCACCCCCCCDCAJCCCCCCCCCCCCCCAACCCCCCDCCACC
CCADCCCCCCCAACACDCCCCCCCCCACCCCDCCCCDCDDCCCCCCCCCCDADCADCDCCCACDCDDACACCDDCCCCCCCCCCCCDCJCADCCCCCCCC
ACCCDDCCCCDCCCCCCCCCACAJCCACCCCCACACCCDCCCCCCCCCDDCCJACDCACACCDCDCACCCCCCCCCCCCCCCCCACCCCCCACACCCCCC
CCCCCCCCDCCCCCCCDCCCCCADCCCADCCCCDDCCCCCCCDCCCCCJCCCACCCADDCCCACCCCCACCJCCCCCCDCCCCCCCCCCACCAACDCDCJ
DCACDCCCJADCACDCCDCCCCCCACCCCACCCDJCCDACDCCCDDCCCCCCCCCCCCCCDCCDCCAAACCCCDDACCCCCACCCCDCCCCCCDACCCCC
CCACCACDDCCCACCDDCCCCCCCADCDCADACCDACCCADCCADCCCCCACACCCCCCCACCCDCCCCCCCCCCCDCCAAADJJACCCCDCDCCCCCCC
CDCCACCCCDCCCCCCCCCCCDCCACDCACCCDCCDCDCDCCACACCCCDCCCCCJDDCACCCACCDCACADCJCACCCCACCCCCCCCCCCCCCCCCCC
CCCCCCCCCCCCCCCCCCCCCCDCCCCAACACCCCCCCCACCCCCCCCCCCCCDCCCCCCCCACDCJCCDDCDCCCCCCCCDCCAACCCCCCCCCCCCAC
CCACCCCACCCCDCCCCAACCCCCACCCCCCCJACCCCCCDADDCCCCCDACCDACCCCCCCCCCCDCACCCCDCCACCCADCCCDCCCCCCCCCACJAC
CCCDCCCCDCCACACCJCCCCCCDCCCDCCCDCACCCCDCDACCCDCCCCCCADJCCDCCCCACCCDCACCCACCCCACCCCACACCCCDCCDCCCCCCA
CDCCCDCCCCAADCCCCCCCCCCCCCCCDDDCCCCCCCCDCCACCCCCCACCCCCCCCCCCCCCACDCCCCACCACCADCCCCCCCCCCCCACCCCCCCA
CCCCCCCCCCCCDCACCCCAAACCCCCCCCACCCCDCACCCCCJCCCCCCCJCDCCCCCCDCCCCCCCCCACCCCAACCCDCCCDCCCDCCCCCJCCCCD
DCCCCCCCADACCCCCCDCJDJCCDCCDCCDDCCCCCCCCCCCCCCCDCCCCCCDCCCCCDACDCCDCCCCCCCCCCJCCCCCCCCCDDCCCCACCCACC
CCCCDCCCCCCCACCCADDCCCCDCCCCACACCCCCCCCCCDCCCACCCCACCDCACCACDACJCCDCCACCCACCAJCACCCCDCCCACCCDCCCCCCC
CCDCAACCJACCCCCDCCCJCACCCACDCACCCCCCCDCACCDCCCCAJCJACCCCDCCCCCCCCDCCDCACCCCCCCCCAACCJCCCCCACCCCCCCAD
CDCCCDCCCACCDCACCCCACCACCCCCCCDDCADCDCCDCDDCCCDCCCCDCDACCCCCCCCCCCCCCCCCDCCDCDCCACCCCCCCCCCDADCCACCJ
CDCCCCCCCCCCCJCCACCACACCCDCCADCCCDAAACCCACCDACCCDCCDDCCCACCACDCCCACCCCCCCJCCCDCADCCDCCCCCACACCACJCCC
CCDCDCCCDCDCCCCCCAACCDDDAADCDCCACCCADDACDCCCCCCCCACCCCCCCCCCCCCCCDCDCCCDCACCCAACDCCCACCCACCCCCCCCADC
CCCCCCDADCCCACCCCCAACCCDCCCCCADCCCCCJCCACCDCCDCCDAAACCCCCCCCJACDACCCDCCCCCDACCCCACCCDDCCCCCCCACCACAC
CCCCCCCCCCCCCCDCCCCACDCCCCCCDACDCCCCCCCDCDCCCCCCCDCCCCCCDCACCCCCCCACDCCCCCACCCCACCCCCCCCCCCCCCCCDACD
CDACCCCCCCCDCACCCDCCCACCCCCCCDCCCCCCDCCDCCCDACCCCCCCCAJCCCCACCACCCCCCCCCCCADCCCCDADCCCCCCCCCCCCCCCCA
AACCCCCCCCCCADCCCCCCCCJCADCCCCDCCCCCCCCCDDCCDACCCCCCCCCCCCCCCDCCCCCAACCCADCCCCCCCCCACDACDCCCACCCDCCC
CCCCCCCCCCACCCCCACCCCCAAACCCCCCCCCACCACCCAACCCCCCCCCCCCDCCCCCCDDCCCCJCCCCCDCCDCCCCCCACCCACCCDCCCCADC
CCAACCDCCCCCACDCCDDCAACDCCCACDCACCDCCCCCACCAACCCCCCCCDCCCCCCCCCCCCCCDCCCCCACCCCACDCCCCCCDJCCCCCCCACC
CCCACCCCCCCCCCADCCCCADCACDJCCACCJACCACCCCCCCCACDCCACCCCCCCDCCCCCCCAACCDCCCDCCCCCCCCCACCCCCCCCDCCCCCC
CCCCCDCCCCCACDCCDACACCCAACCCCCCCCCCCDDDDCCCDACCCCCCCCCCCDCCCACCCCCACCCCCCCCDDDCCCCCCACCCCAACADDCCDCC
CCCCCCCACCDAJACCDAACACCACCCCACCCCCCCCCCCCCCJACCCCACCCDCCCCCCCCCCDCCCCACCDCCCCCCACCCDCDAJDCACCDCDCAAC
ACDCDCCCACCADCCCCCCCCCCCCDCCCCDDCCCCCCCACCCCCCACCCCCCCCCCCCDDACDCJACCCCCCCCCCCCADCCCDDCCCCCCCCACCCCC
CACCCAJCCACACCJCACCDACCADCCCCCDAACCCDCCACCCCCCCCCCADCCCCCCCADCCCACCCCCCCCDCCDJDCCCCDCCDCCDCCCCCCCCCD
CCCCACCACCCCDACCCACDCCCCCCCCCCDCDCCCDCCCDACCCACCCCDADCCCCACCCDCCCDCCDCDCCCACCCCCDACCCCAADCCCCCCDDCCC
CAACACACDCCDCCCCCCDCCCCCCACCCCCCACCCCCDCCCAADACCCDCCCCDCCCCCACDCCCCCCACDCCCADAADCCDDCCDDCACACDCCCCCC
CCCCCCACCCCCCDCAAACCCCDCCCCCCCCCCCCCCACCCCCCCCCCCCCACCCCCCCCDDCDCCDCDCCCCAACACCCCCDCCCCCJCCCCCCCDDCC
CCDCCCCCDCACCCCAAAACDCDCCCCCCCCCACACCCCDCCCCCCCCCCCCCCDACACCACCCACCCDCCCAACCCDCCCCCCCACCCCJCCCACCCCC
DACCCCCACAACAACCJCCDCCCDCCCCCCCCCCCCCACCCACDDCDCCCCCCACCCCCDACCAACCCCCCCCCDACDDCCCCAJCCCJCACCCCCCCCC
CCDCCDCDCACCADACCACCDCCCCCCCACCCCCJCACCCACADCCDCCACCCCCCCDCCAAACACAACJAAAJCACCCAACCDAACAAAAJJDDCAACA
ACDAJAAAACACACAAAJCCAACAAAAAAJJAAAJCCAACACCACJACCACCAAACACAAJJCAAAAACAJACAADACACCACAAAACAACACCJCCAAA
ACACJCCCJADAAAAACAACAAACAADDCAJACCCJAADJAAJAAAACACACCJACAAJACCACACCAJCCADCJCCCCAADACCACCJAAAACACCAJA
ACCCJJACCAAJAACAAAAACACAAAACCAACAAACAAACACCACAAACAAACAJCACAAADDCADCCCJCCAADCACCACCAAACACCACJJCCCCADC
CDACCJACACACJCAACACADCACCCCCAAACACCCAACCCDCJCACAAJCJCCCJCACCDCJACDAACJACAAAAACACACACJCCCDCJCCCCCCCCC
CACCDDJCACDAACCCCCCCAAACACCDAACACACJJCDDCJCCCCCACCAAJAACACCCCCACCCAAACACCDCAACCCDACACACCCCCACCCAJCAA
CCCAACCCAJACAAACACCACCDCACDCCACAAAACCJACCCACCCCAJCCCACDJJCAAACACACDCDCAAAAAACJACCCJCDADCDDCJCDCCCCAC
CAACAAACACAACCACACACCCACAJCCACDCACACCCJJACCCCADJCAAAACACCJACCCDCCJCCCCCCJCCAACCCADCCAAADCACACCCJAAAC
ACCCCCDACCACAACACAJCJCCDACCCJCDCJCACCCACJAAAACACACCCCDCCAJACCACCCACACCACCCACCCCJCJCCCCACAAACACCJCCCJ
ACCCCJACAACCDJCCCACCAACCCDCCACACDCAAACACCACACCCCCCCCACCACCJACCCCCCDCAACCCACJJACCAAACACCCCCCAAACAACCA
CAJAJCDACCCJDCCCCCADCAADAAAAACACCCCCCCCCCCCCAACACACCCACCADCCJCCCCCDCCDCDAAACACCAJDCCAACAACCAJCCACCCA
CJCCCCDCCACCCCCCDCAAACACCCCCACCCCADCCDCCCCDDCACCCDCCCCACCDAAADCDAAACACCACCAACCCCCCCDCCCCJCADCCCDCAAD
DCCCACCCCAAAACACDCACCJCCCCCDAJCAACCACCCCCCCADCACCCCCCDCAAAACACCCDCCCCCCCCCCJAADDCCCCACCDCCACCACCACAD
DJAAACACCCACCCCCCCDACDJCDJCCACCAAJCCACDCCCCACCDCAAACACCCCDADACCCCACDDCCJCCCCCCCCCACCCCCADCCCCCAAACAC
CCAJCCACACCCCCAJCCDCCAADCJCCCCDACCCCCCCCAAACACCCAAAJDCJCCCCCCCCCCCACDCCCACCACJACDCCCJDAAACACCAACCCCA
CDCACCCCCCDCCACCDCACDACAACACCCCCAAACACDDCADCCDCCCCCAACCCADDCACCAADDCCCDCCCCCCCAAACACCCCCCDCDCCDCJAJD
CAADCCCCJCDDCADCDCCACDCCAAACACCCCADCCCCDCCCCAACCCACCCCCACCDACACDCCJCCAAAACACCCCCCDACACCCCCCCCCAACAAC
DCCCCCADADDCDCCCAAACACDCDACCDCACCCCCDJDCCDCCCCACACDCCACDCCCDCCAAACACCDCCCCCACDCCDCCJCCJACACCCCCCADDC
CDDJCACCAAACACCCCCAACCACCCCCADADCCJDCCCACCCAACDCDDCCDCAAACACCCDJCJCDADCCCCCCDCCCDACCJACCCCACCCCCCDCC
AAACACCCADCCCCCADCCCCCACDCCACCCCDCCCACCCACCCADAAACACCCCCACCCDCCCCCCCCCCCAACCCCDAAJDCCDCCDJCCAAACACCC
CCCACDACCCCDCCDCCCCCDCCCCCCCCCCDCACCDCAAACACCCCACCDCCCCCCCCCCCCDJCCAACCCCCCCDCCCDCCCAAACACACDCAACCCC
CCCCDDCCCCCCCDCCCCDJCDDCCCACCDAAACACCACCCCCCCCACCCCCCCCCCDCCCCCACCCCCJCCDCCDAAACACCCDCCDCCCDCCCCCDCC
CCACCCCCCCCCDCCCJCCCCCAAACACCCCCCJCCAADCCCCCDCCCAACCCADCCCCCACACDACCAAACACCDCDCCCCCCCDACADCCADCCCDCC
CCCDACACCCCCCCAAACACCCCCCCADCCCCCCCCCCCADACCCCAADDCDCCACCCCCAAACACCCCCCDCACCCCCAACDCCDCACCCCCCCDCCDC
ACCDCCAAACACCDCCDCCCCDCCDDDCCDCCDCACCCCCADCCDCCJCCCCAAACACCCCCCDCCCADCCCCCCCCCACACCCCCDCCCCDCCCCCCAA
ACACCCCDACCCACCCCCCJCCCCCCCCCCCACCDADCCCACCCAAACACDDCCCCCCCCCDCCCCCCCCJCCCCCCDCCCADCCCADCDAAACACADCC
CCCCACCDDCCACCCCCCCCCCCCCCCCCCCDCCCCAAACACCACCCCCCDDDCCCDDDCCCCDCCCCCCCCCCCCCCDACDAAACACCACACCDCCCAD
CACCCCDCCCDDDCCCCCCCCCACCACCAAACACDCACCCCCJCCCDCCDCCCCDCCACACCCDDCCCCCCCCCAAACACCCCCDCCADDCCDCCCCCDC
CCCCCCJCCCACCCDDCCDDAAACACCCCCDDCDCCCCCCDCCDCCCDCCCCJCCCCCCCCCCCDCAAACACCCCCCCCCCCCCCCCCCCDDACCCCCDC
ACCCCDACCCADAAACACACDCCCCCCCDCCCCDCCCCDCDCCCCCCCCCCCACCCCCAAACACCDCCCCCCDCDDCCCCCCDCCCCCCCCCDCCCCACC
CDCDAAACACDCCCCCCCCCCCCCDCCCCCCCCCCCCCCCCCCCCCCCCCAAACACCCDCCCCDCCCCCDCCCCCCCCCCDCCCCCDCCCCCDCCAAAAC
ACCCDCDCCCCCCDCCCDACCCCCCCDCCCCCCCCCCCCAACAAACACCCCCCCDCCCCCCCCCCCCCCACCACCCCCCDCCCCCCCCAAACACDCACCC
CCCDCCDCCACACCCDCCCCDCCCCCCCCCCCCCAAACACCDCCCCCCCCCCCCCCDCCCCCCCCCDCDCACCCCCCCCCAAACACCCCCCACCCCDCCC
CCCCCCCCACCCCDCCCCCCCCJCCDAAACACCCCACCCDDCCCDCCCCCCCCCCCCCCCCCCDCCCCACCDAACACCACCAAAACCCCACCCCAACACC
ACCAAAACACCACCAAAACACCACCAAAACACCCCCAAAACCCCCCCCCAACACCCCCAAAACACCCCCAAAACACCCCCAAAACCCCACCAACCCCCCC
CCCCAACCCCACCAAAACCCCCCCAAAACCCCACCAAAACACCACCAAAACCCCACCCCAACACCACCAAAACACCACCAAAACACCACCAAAACCCCAC
CAAAACCCCACCCCAACCCCACCAAAACCCCACCAAAACCCCACCAAAACACCACCAAAACCCCACCCCAACACCACCAAAACACCACCACAACACCACC
AAAACAACACCAAAACCCCACCCCAACACCACCAAAACACCACCAAAACACCACCAAAACACCCCCAAAACCCCCCCCCAACACCCCCAAAACACCCCCA
AAACACCCCCAAAACCCCCCCAACCCCCCCCCCCAACCCCACCAAAACCCCCCCAAAACCCCACCAAAACACCACCAAAACCCCACCCCAACACCACCAA
AACACCACCAAAACACCACCAAAACCCCACCAAAACCCCACCCCAACCCCACCAAAACCCCACCAAAACCCCACCAAAACACCACCAAAACCCCACCCCA
ACACCACCAAAACACCACCACAACACCACCAAAACACCACCAAAACCCCACCCCAACACCACCAAAACACCACCAAAACAACACCAAAACACCCCCAAAA
CCCCCCCCCAACACCCCCAAAACACCCCCAAAACACCCCCAAAACCCCACCAACCCCCCCCCCCAACCCCACCAAAACCCCCCCAAAACCCCACCAAAAC
ACCACCAAAACCCCACCCCAACACCACCAAAACACCACCAAAACACCACCAAAACCCCACCAAAACCCCACCCCAACCCCACCAAAACCCCACCAAAACC
CCACCAAAACACCACCAAAACCCCACCCCAACACCACCAAAACACCACCACAACACCACCAAAACACCACCAAAACCCCACCCCAACACCACCAAAACAC
CACCAAAACACCACCAAAACACCCCCAAAACCCCCCCCCAACACCCCCAAAACACCCCCAAAACACCCCCAAAACCCCACCAACCCCCCCCCCCAACCCC
ACCAAAACCCCCCCAAAACCCCACCAAAACACCACCAAAACCCCACCCCAACACCACCAAAACACCACCAAAACACCACCAAAACCCCACCAAAACCCCA
CCCCAACCCCACCAAAACCCCACCAAAACCCCACCAAAACACCACCAAAACCCCACCCCAACACCACCAAAACACCACCACAACAACACCAA
